Archive member included to satisfy reference by file (symbol)

/opt/st/stm32cubeide_2.0.0/plugins/com.st.stm32cube.ide.mcu.externaltools.gnu-tools-for-stm32.13.3.rel1.linux64_1.0.100.202509120712/tools/bin/../lib/gcc/arm-none-eabi/13.3.1/../../../../arm-none-eabi/lib/thumb/v7e-m+fp/hard/libc_nano.a(libc_a-atoi.o)
                              ./Core/Src/NEO_6M.o (atoi)
/opt/st/stm32cubeide_2.0.0/plugins/com.st.stm32cube.ide.mcu.externaltools.gnu-tools-for-stm32.13.3.rel1.linux64_1.0.100.202509120712/tools/bin/../lib/gcc/arm-none-eabi/13.3.1/../../../../arm-none-eabi/lib/thumb/v7e-m+fp/hard/libc_nano.a(libc_a-exit.o)
                              /opt/st/stm32cubeide_2.0.0/plugins/com.st.stm32cube.ide.mcu.externaltools.gnu-tools-for-stm32.13.3.rel1.linux64_1.0.100.202509120712/tools/bin/../lib/gcc/arm-none-eabi/13.3.1/../../../../arm-none-eabi/lib/thumb/v7e-m+fp/hard/crt0.o (exit)
/opt/st/stm32cubeide_2.0.0/plugins/com.st.stm32cube.ide.mcu.externaltools.gnu-tools-for-stm32.13.3.rel1.linux64_1.0.100.202509120712/tools/bin/../lib/gcc/arm-none-eabi/13.3.1/../../../../arm-none-eabi/lib/thumb/v7e-m+fp/hard/libc_nano.a(libc_a-strtol.o)
                              /opt/st/stm32cubeide_2.0.0/plugins/com.st.stm32cube.ide.mcu.externaltools.gnu-tools-for-stm32.13.3.rel1.linux64_1.0.100.202509120712/tools/bin/../lib/gcc/arm-none-eabi/13.3.1/../../../../arm-none-eabi/lib/thumb/v7e-m+fp/hard/libc_nano.a(libc_a-atoi.o) (_strtol_r)
/opt/st/stm32cubeide_2.0.0/plugins/com.st.stm32cube.ide.mcu.externaltools.gnu-tools-for-stm32.13.3.rel1.linux64_1.0.100.202509120712/tools/bin/../lib/gcc/arm-none-eabi/13.3.1/../../../../arm-none-eabi/lib/thumb/v7e-m+fp/hard/libc_nano.a(libc_a-ctype_.o)
                              /opt/st/stm32cubeide_2.0.0/plugins/com.st.stm32cube.ide.mcu.externaltools.gnu-tools-for-stm32.13.3.rel1.linux64_1.0.100.202509120712/tools/bin/../lib/gcc/arm-none-eabi/13.3.1/../../../../arm-none-eabi/lib/thumb/v7e-m+fp/hard/libc_nano.a(libc_a-strtol.o) (_ctype_)
/opt/st/stm32cubeide_2.0.0/plugins/com.st.stm32cube.ide.mcu.externaltools.gnu-tools-for-stm32.13.3.rel1.linux64_1.0.100.202509120712/tools/bin/../lib/gcc/arm-none-eabi/13.3.1/../../../../arm-none-eabi/lib/thumb/v7e-m+fp/hard/libc_nano.a(libc_a-findfp.o)
                              /opt/st/stm32cubeide_2.0.0/plugins/com.st.stm32cube.ide.mcu.externaltools.gnu-tools-for-stm32.13.3.rel1.linux64_1.0.100.202509120712/tools/bin/../lib/gcc/arm-none-eabi/13.3.1/../../../../arm-none-eabi/lib/thumb/v7e-m+fp/hard/libc_nano.a(libc_a-exit.o) (__stdio_exit_handler)
/opt/st/stm32cubeide_2.0.0/plugins/com.st.stm32cube.ide.mcu.externaltools.gnu-tools-for-stm32.13.3.rel1.linux64_1.0.100.202509120712/tools/bin/../lib/gcc/arm-none-eabi/13.3.1/../../../../arm-none-eabi/lib/thumb/v7e-m+fp/hard/libc_nano.a(libc_a-fwalk.o)
                              /opt/st/stm32cubeide_2.0.0/plugins/com.st.stm32cube.ide.mcu.externaltools.gnu-tools-for-stm32.13.3.rel1.linux64_1.0.100.202509120712/tools/bin/../lib/gcc/arm-none-eabi/13.3.1/../../../../arm-none-eabi/lib/thumb/v7e-m+fp/hard/libc_nano.a(libc_a-findfp.o) (_fwalk_sglue)
/opt/st/stm32cubeide_2.0.0/plugins/com.st.stm32cube.ide.mcu.externaltools.gnu-tools-for-stm32.13.3.rel1.linux64_1.0.100.202509120712/tools/bin/../lib/gcc/arm-none-eabi/13.3.1/../../../../arm-none-eabi/lib/thumb/v7e-m+fp/hard/libc_nano.a(libc_a-sprintf.o)
                              ./Core/Src/ESP32.o (sprintf)
/opt/st/stm32cubeide_2.0.0/plugins/com.st.stm32cube.ide.mcu.externaltools.gnu-tools-for-stm32.13.3.rel1.linux64_1.0.100.202509120712/tools/bin/../lib/gcc/arm-none-eabi/13.3.1/../../../../arm-none-eabi/lib/thumb/v7e-m+fp/hard/libc_nano.a(libc_a-stdio.o)
                              /opt/st/stm32cubeide_2.0.0/plugins/com.st.stm32cube.ide.mcu.externaltools.gnu-tools-for-stm32.13.3.rel1.linux64_1.0.100.202509120712/tools/bin/../lib/gcc/arm-none-eabi/13.3.1/../../../../arm-none-eabi/lib/thumb/v7e-m+fp/hard/libc_nano.a(libc_a-findfp.o) (__sread)
/opt/st/stm32cubeide_2.0.0/plugins/com.st.stm32cube.ide.mcu.externaltools.gnu-tools-for-stm32.13.3.rel1.linux64_1.0.100.202509120712/tools/bin/../lib/gcc/arm-none-eabi/13.3.1/../../../../arm-none-eabi/lib/thumb/v7e-m+fp/hard/libc_nano.a(libc_a-memset.o)
                              /opt/st/stm32cubeide_2.0.0/plugins/com.st.stm32cube.ide.mcu.externaltools.gnu-tools-for-stm32.13.3.rel1.linux64_1.0.100.202509120712/tools/bin/../lib/gcc/arm-none-eabi/13.3.1/../../../../arm-none-eabi/lib/thumb/v7e-m+fp/hard/crt0.o (memset)
/opt/st/stm32cubeide_2.0.0/plugins/com.st.stm32cube.ide.mcu.externaltools.gnu-tools-for-stm32.13.3.rel1.linux64_1.0.100.202509120712/tools/bin/../lib/gcc/arm-none-eabi/13.3.1/../../../../arm-none-eabi/lib/thumb/v7e-m+fp/hard/libc_nano.a(libc_a-strncmp.o)
                              ./Core/Src/NEO_6M.o (strncmp)
[...]
Memory Configuration

Name             Origin             Length             Attributes
RAM              0x20000000         0x00020000         xrw
FLASH            0x08000000         0x00080000         xr
*default*        0x00000000         0xffffffff

Linker script and memory map

LOAD /opt/st/stm32cubeide_2.0.0/plugins/com.st.stm32cube.ide.mcu.externaltools.gnu-tools-for-stm32.13.3.rel1.linux64_1.0.100.202509120712/tools/bin/../lib/gcc/arm-none-eabi/13.3.1/thumb/v7e-m+fp/hard/crti.o
LOAD /opt/st/stm32cubeide_2.0.0/plugins/com.st.stm32cube.ide.mcu.externaltools.gnu-tools-for-stm32.13.3.rel1.linux64_1.0.100.202509120712/tools/bin/../lib/gcc/arm-none-eabi/13.3.1/thumb/v7e-m+fp/hard/crtbegin.o
LOAD /opt/st/stm32cubeide_2.0.0/plugins/com.st.stm32cube.ide.mcu.externaltools.gnu-tools-for-stm32.13.3.rel1.linux64_1.0.100.202509120712/tools/bin/../lib/gcc/arm-none-eabi/13.3.1/../../../../arm-none-eabi/lib/thumb/v7e-m+fp/hard/crt0.o
LOAD ./Core/Src/ESP32.o
LOAD ./Core/Src/HC_SR04.o
LOAD ./Core/Src/LSM_6DS3.o
LOAD ./Core/Src/NEO_6M.o
LOAD ./Core/Src/main.o
LOAD ./Core/Src/stm32f4xx_hal_msp.o
LOAD ./Core/Src/stm32f4xx_it.o
LOAD ./Core/Src/syscalls.o
LOAD ./Core/Src/sysmem.o
LOAD ./Core/Src/system_stm32f4xx.o
LOAD ./Core/Startup/startup_stm32f446retx.o
LOAD ./Drivers/STM32F4xx_HAL_Driver/Src/stm32f4xx_hal.o
LOAD ./Drivers/STM32F4xx_HAL_Driver/Src/stm32f4xx_hal_cortex.o
LOAD ./Drivers/STM32F4xx_HAL_Driver/Src/stm32f4xx_hal_dma.o
LOAD ./Drivers/STM32F4xx_HAL_Driver/Src/stm32f4xx_hal_dma_ex.o
LOAD ./Drivers/STM32F4xx_HAL_Driver/Src/stm32f4xx_hal_exti.o
LOAD ./Drivers/STM32F4xx_HAL_Driver/Src/stm32f4xx_hal_flash.o
LOAD ./Drivers/STM32F4xx_HAL_Driver/Src/stm32f4xx_hal_flash_ex.o
LOAD ./Drivers/STM32F4xx_HAL_Driver/Src/stm32f4xx_hal_flash_ramfunc.o
LOAD ./Drivers/STM32F4xx_HAL_Driver/Src/stm32f4xx_hal_gpio.o
LOAD ./Drivers/STM32F4xx_HAL_Driver/Src/stm32f4xx_hal_i2c.o
LOAD ./Drivers/STM32F4xx_HAL_Driver/Src/stm32f4xx_hal_i2c_ex.o
LOAD ./Drivers/STM32F4xx_HAL_Driver/Src/stm32f4xx_hal_pwr.o
LOAD ./Drivers/STM32F4xx_HAL_Driver/Src/stm32f4xx_hal_pwr_ex.o
LOAD ./Drivers/STM32F4xx_HAL_Driver/Src/stm32f4xx_hal_rcc.o
LOAD ./Drivers/STM32F4xx_HAL_Driver/Src/stm32f4xx_hal_rcc_ex.o
LOAD ./Drivers/STM32F4xx_HAL_Driver/Src/stm32f4xx_hal_tim.o
LOAD ./Drivers/STM32F4xx_HAL_Driver/Src/stm32f4xx_hal_tim_ex.o
LOAD ./Drivers/STM32F4xx_HAL_Driver/Src/stm32f4xx_hal_uart.o
START GROUP
LOAD /opt/st/stm32cubeide_2.0.0/plugins/com.st.stm32cube.ide.mcu.externaltools.gnu-tools-for-stm32.13.3.rel1.linux64_1.0.100.202509120712/tools/bin/../lib/gcc/arm-none-eabi/13.3.1/../../../../arm-none-eabi/lib/thumb/v7e-m+fp/hard/libc_nano.a
LOAD /opt/st/stm32cubeide_2.0.0/plugins/com.st.stm32cube.ide.mcu.externaltools.gnu-tools-for-stm32.13.3.rel1.linux64_1.0.100.202509120712/tools/bin/../lib/gcc/arm-none-eabi/13.3.1/../../../../arm-none-eabi/lib/thumb/v7e-m+fp/hard/libm.a
END GROUP
START GROUP
LOAD /opt/st/stm32cubeide_2.0.0/plugins/com.st.stm32cube.ide.mcu.externaltools.gnu-tools-for-stm32.13.3.rel1.linux64_1.0.100.202509120712/tools/bin/../lib/gcc/arm-none-eabi/13.3.1/thumb/v7e-m+fp/hard/libgcc.a
LOAD /opt/st/stm32cubeide_2.0.0/plugins/com.st.stm32cube.ide.mcu.externaltools.gnu-tools-for-stm32.13.3.rel1.linux64_1.0.100.202509120712/tools/bin/../lib/gcc/arm-none-eabi/13.3.1/../../../../arm-none-eabi/lib/thumb/v7e-m+fp/hard/libc_nano.a
END GROUP
START GROUP
LOAD /opt/st/stm32cubeide_2.0.0/plugins/com.st.stm32cube.ide.mcu.externaltools.gnu-tools-for-stm32.13.3.rel1.linux64_1.0.100.202509120712/tools/bin/../lib/gcc/arm-none-eabi/13.3.1/thumb/v7e-m+fp/hard/libgcc.a
LOAD /opt/st/stm32cubeide_2.0.0/plugins/com.st.stm32cube.ide.mcu.externaltools.gnu-tools-for-stm32.13.3.rel1.linux64_1.0.100.202509120712/tools/bin/../lib/gcc/arm-none-eabi/13.3.1/../../../../arm-none-eabi/lib/thumb/v7e-m+fp/hard/libc_nano.a
LOAD /opt/st/stm32cubeide_2.0.0/plugins/com.st.stm32cube.ide.mcu.externaltools.gnu-tools-for-stm32.13.3.rel1.linux64_1.0.100.202509120712/tools/bin/../lib/gcc/arm-none-eabi/13.3.1/../../../../arm-none-eabi/lib/thumb/v7e-m+fp/hard/libnosys.a
END GROUP
START GROUP
LOAD /opt/st/stm32cubeide_2.0.0/plugins/com.st.stm32cube.ide.mcu.externaltools.gnu-tools-for-stm32.13.3.rel1.linux64_1.0.100.202509120712/tools/bin/../lib/gcc/arm-none-eabi/13.3.1/thumb/v7e-m+fp/hard/libgcc.a
LOAD /opt/st/stm32cubeide_2.0.0/plugins/com.st.stm32cube.ide.mcu.externaltools.gnu-tools-for-stm32.13.3.rel1.linux64_1.0.100.202509120712/tools/bin/../lib/gcc/arm-none-eabi/13.3.1/../../../../arm-none-eabi/lib/thumb/v7e-m+fp/hard/libc_nano.a
LOAD /opt/st/stm32cubeide_2.0.0/plugins/com.st.stm32cube.ide.mcu.externaltools.gnu-tools-for-stm32.13.3.rel1.linux64_1.0.100.202509120712/tools/bin/../lib/gcc/arm-none-eabi/13.3.1/../../../../arm-none-eabi/lib/thumb/v7e-m+fp/hard/libnosys.a
END GROUP
LOAD /opt/st/stm32cubeide_2.0.0/plugins/com.st.stm32cube.ide.mcu.externaltools.gnu-tools-for-stm32.13.3.rel1.linux64_1.0.100.202509120712/tools/bin/../lib/gcc/arm-none-eabi/13.3.1/thumb/v7e-m+fp/hard/crtend.o
LOAD /opt/st/stm32cubeide_2.0.0/plugins/com.st.stm32cube.ide.mcu.externaltools.gnu-tools-for-stm32.13.3.rel1.linux64_1.0.100.202509120712/tools/bin/../lib/gcc/arm-none-eabi/13.3.1/thumb/v7e-m+fp/hard/crtn.o
                0x20020000                        _estack = (ORIGIN (RAM) + LENGTH (RAM))
                0x00000200                        _Min_Heap_Size = 0x200
                0x00000400                        _Min_Stack_Size = 0x400

.isr_vector     0x08000000      0x1c4
                0x08000000                        . = ALIGN (0x4)
 *(.isr_vector)
 .isr_vector    0x08000000      0x1c4 ./Core/Startup/startup_stm32f446retx.o
                0x08000000                g_pfnVectors
                0x080001c4                        . = ALIGN (0x4)

.text           0x080001d0     0x6c24
                0x080001d0                        . = ALIGN (0x4)
 *(.text)
 .text          0x080001d0       0x40 /opt/st/stm32cubeide_2.0.0/plugins/com.st.stm32cube.ide.mcu.externaltools.gnu-tools-for-stm32.13.3.rel1.linux64_1.0.100.202509120712/tools/bin/../lib/gcc/arm-none-eabi/13.3.1/thumb/v7e-m+fp/hard/crtbegin.o
 .text          0x08000210       0x10 /opt/st/stm32cubeide_2.0.0/plugins/com.st.stm32cube.ide.mcu.externaltools.gnu-tools-for-stm32.13.3.rel1.linux64_1.0.100.202509120712/tools/bin/../lib/gcc/arm-none-eabi/13.3.1/../../../../arm-none-eabi/lib/thumb/v7e-m+fp/hard/libc_nano.a(libc_a-strlen.o)
                0x08000210                strlen
 .text          0x08000220       0xa0 /opt/st/stm32cubeide_2.0.0/plugins/com.st.stm32cube.ide.mcu.externaltools.gnu-tools-for-stm32.13.3.rel1.linux64_1.0.100.202509120712/tools/bin/../lib/gcc/arm-none-eabi/13.3.1/../../../../arm-none-eabi/lib/thumb/v7e-m+fp/hard/libc_nano.a(libc_a-memchr.o)
                0x08000220                memchr
 .text          0x080002c0       0x30 /opt/st/stm32cubeide_2.0.0/plugins/com.st.stm32cube.ide.mcu.externaltools.gnu-tools-for-stm32.13.3.rel1.linux64_1.0.100.202509120712/tools/bin/../lib/gcc/arm-none-eabi/13.3.1/thumb/v7e-m+fp/hard/libgcc.a(_aeabi_uldivmod.o)
                0x080002c0                __aeabi_uldivmod
 .text          0x080002f0      0x2f8 /opt/st/stm32cubeide_2.0.0/plugins/com.st.stm32cube.ide.mcu.externaltools.gnu-tools-for-stm32.13.3.rel1.linux64_1.0.100.202509120712/tools/bin/../lib/gcc/arm-none-eabi/13.3.1/thumb/v7e-m+fp/hard/libgcc.a(_udivmoddi4.o)
                0x080002f0                __udivmoddi4
 .text          0x080005e8        0x4 /opt/st/stm32cubeide_2.0.0/plugins/com.st.stm32cube.ide.mcu.externaltools.gnu-tools-for-stm32.13.3.rel1.linux64_1.0.100.202509120712/tools/bin/../lib/gcc/arm-none-eabi/13.3.1/thumb/v7e-m+fp/hard/libgcc.a(_dvmd_tls.o)
                0x080005e8                __aeabi_ldiv0
                0x080005e8                __aeabi_idiv0
 *(.text*)
 .text.ESP32_Init
                0x080005ec       0x20 ./Core/Src/ESP32.o
                0x080005ec                ESP32_Init
 .text.ESP32_Send_RoughRoad
                0x0800060c       0x54 ./Core/Src/ESP32.o
                0x0800060c                ESP32_Send_RoughRoad
 .text.ESP32_Send_Pothole
                0x08000660       0x58 ./Core/Src/ESP32.o
                0x08000660                ESP32_Send_Pothole
 .text.HCSR04_Init
                0x080006b8        0xe ./Core/Src/HC_SR04.o
                0x080006b8                HCSR04_Init
 *fill*         0x080006c6        0x2 
 .text.HCSR04_Start
                0x080006c8       0x94 ./Core/Src/HC_SR04.o
                0x080006c8                HCSR04_Start
 .text.HCSR04_TIM_IC_CaptureCallback
                0x0800075c      0x104 ./Core/Src/HC_SR04.o
                0x0800075c                HCSR04_TIM_IC_CaptureCallback
 .text.HCSR04_IsDone
                0x08000860       0x18 ./Core/Src/HC_SR04.o
                0x08000860                HCSR04_IsDone
 .text.HCSR04_GetDistance
                0x08000878       0x18 ./Core/Src/HC_SR04.o
                0x08000878                HCSR04_GetDistance
 .text.HCSR04_ClearDone
                0x08000890       0x18 ./Core/Src/HC_SR04.o
                0x08000890                HCSR04_ClearDone
 .text.LSM6DS3_WriteReg
                0x080008a8       0x38 ./Core/Src/LSM_6DS3.o
 .text.LSM6DS3_ReadReg
                0x080008e0       0x34 ./Core/Src/LSM_6DS3.o
 .text.LSM6DS3_Init
                0x08000914       0x3c ./Core/Src/LSM_6DS3.o
                0x08000914                LSM6DS3_Init
 .text.LSM6DS3_WHOAMI
                0x08000950       0x48 ./Core/Src/LSM_6DS3.o
                0x08000950                LSM6DS3_WHOAMI
 .text.imu_read_accel_xyz
                0x08000998       0x90 ./Core/Src/LSM_6DS3.o
                0x08000998                imu_read_accel_xyz
 .text.imu_update_gravity
                0x08000a28      0x124 ./Core/Src/LSM_6DS3.o
 .text.imu_vertical_shock
                0x08000b4c      0x160 ./Core/Src/LSM_6DS3.o
                0x08000b4c                imu_vertical_shock
 .text.GPS_Init
                0x08000cac       0x20 ./Core/Src/NEO_6M.o
                0x08000cac                GPS_Init
 .text.GPS_UART_RxCpltCallback
                0x08000ccc       0x74 ./Core/Src/NEO_6M.o
                0x08000ccc                GPS_UART_RxCpltCallback
 .text.GPS_Process
                0x08000d40      0x200 ./Core/Src/NEO_6M.o
                0x08000d40                GPS_Process
 .text.GPS_GetDataCopy
                0x08000f40       0x24 ./Core/Src/NEO_6M.o
                0x08000f40                GPS_GetDataCopy
 .text.GPS_IsDataUpdated
                0x08000f64       0x18 ./Core/Src/NEO_6M.o
                0x08000f64                GPS_IsDataUpdated
 .text.GPS_ClearDataUpdatedFlag
                0x08000f7c       0x18 ./Core/Src/NEO_6M.o
                0x08000f7c                GPS_ClearDataUpdatedFlag
 .text.main     0x08000f94      0x340 ./Core/Src/main.o
                0x08000f94                main
 .text.SystemClock_Config
                0x080012d4       0xc0 ./Core/Src/main.o
                0x080012d4                SystemClock_Config
 .text.MX_I2C1_Init
                0x08001394       0x5c ./Core/Src/main.o
 .text.MX_TIM5_Init
                0x080013f0       0xe0 ./Core/Src/main.o
 .text.MX_USART1_UART_Init
                0x080014d0       0x54 ./Core/Src/main.o
 .text.MX_USART2_UART_Init
                0x08001524       0x54 ./Core/Src/main.o
 .text.MX_USART3_UART_Init
                0x08001578       0x54 ./Core/Src/main.o
 .text.MX_GPIO_Init
                0x080015cc       0xbc ./Core/Src/main.o
 .text.HAL_UART_ErrorCallback
                0x08001688       0x3c ./Core/Src/main.o
                0x08001688                HAL_UART_ErrorCallback
 .text.Error_Handler
                0x080016c4        0xc ./Core/Src/main.o
                0x080016c4                Error_Handler
 .text.HAL_MspInit
                0x080016d0       0x50 ./Core/Src/stm32f4xx_hal_msp.o
                0x080016d0                HAL_MspInit
 .text.HAL_I2C_MspInit
                0x08001720       0x90 ./Core/Src/stm32f4xx_hal_msp.o
                0x08001720                HAL_I2C_MspInit
 .text.HAL_I2C_MspDeInit
                0x080017b0       0x48 ./Core/Src/stm32f4xx_hal_msp.o
                0x080017b0                HAL_I2C_MspDeInit
 .text.HAL_TIM_Base_MspInit
                0x080017f8       0xa0 ./Core/Src/stm32f4xx_hal_msp.o
                0x080017f8                HAL_TIM_Base_MspInit
 .text.HAL_UART_MspInit
                0x08001898      0x1c8 ./Core/Src/stm32f4xx_hal_msp.o
                0x08001898                HAL_UART_MspInit
 .text.NMI_Handler
                0x08001a60        0x8 ./Core/Src/stm32f4xx_it.o
                0x08001a60                NMI_Handler
 .text.HardFault_Handler
                0x08001a68        0x8 ./Core/Src/stm32f4xx_it.o
                0x08001a68                HardFault_Handler
 .text.MemManage_Handler
                0x08001a70        0x8 ./Core/Src/stm32f4xx_it.o
                0x08001a70                MemManage_Handler
 .text.BusFault_Handler
                0x08001a78        0x8 ./Core/Src/stm32f4xx_it.o
                0x08001a78                BusFault_Handler
 .text.UsageFault_Handler
                0x08001a80        0x8 ./Core/Src/stm32f4xx_it.o
                0x08001a80                UsageFault_Handler
 .text.SVC_Handler
                0x08001a88        0xe ./Core/Src/stm32f4xx_it.o
                0x08001a88                SVC_Handler
 .text.DebugMon_Handler
                0x08001a96        0xe ./Core/Src/stm32f4xx_it.o
                0x08001a96                DebugMon_Handler
 .text.PendSV_Handler
                0x08001aa4        0xe ./Core/Src/stm32f4xx_it.o
                0x08001aa4                PendSV_Handler
 .text.SysTick_Handler
                0x08001ab2        0xc ./Core/Src/stm32f4xx_it.o
                0x08001ab2                SysTick_Handler
 *fill*         0x08001abe        0x2 
 .text.USART1_IRQHandler
                0x08001ac0       0x14 ./Core/Src/stm32f4xx_it.o
                0x08001ac0                USART1_IRQHandler
 .text.USART3_IRQHandler
                0x08001ad4       0x14 ./Core/Src/stm32f4xx_it.o
                0x08001ad4                USART3_IRQHandler
 .text.TIM5_IRQHandler
                0x08001ae8       0x14 ./Core/Src/stm32f4xx_it.o
                0x08001ae8                TIM5_IRQHandler
 .text.HAL_UART_RxCpltCallback
                0x08001afc       0x16 ./Core/Src/stm32f4xx_it.o
                0x08001afc                HAL_UART_RxCpltCallback
 .text.HAL_TIM_IC_CaptureCallback
                0x08001b12       0x16 ./Core/Src/stm32f4xx_it.o
                0x08001b12                HAL_TIM_IC_CaptureCallback
 .text._sbrk    0x08001b28       0x6c ./Core/Src/sysmem.o
                0x08001b28                _sbrk
 .text.SystemInit
                0x08001b94       0x24 ./Core/Src/system_stm32f4xx.o
                0x08001b94                SystemInit
 .text.Reset_Handler
                0x08001bb8       0x50 ./Core/Startup/startup_stm32f446retx.o
                0x08001bb8                Reset_Handler
 .text.Default_Handler
                0x08001c08        0x2 ./Core/Startup/startup_stm32f446retx.o
                0x08001c08                RTC_Alarm_IRQHandler
                0x08001c08                EXTI2_IRQHandler
                0x08001c08                TIM8_CC_IRQHandler
                0x08001c08                FMPI2C1_EV_IRQHandler
                0x08001c08                SPI4_IRQHandler
                0x08001c08                TIM1_CC_IRQHandler
                0x08001c08                DMA2_Stream5_IRQHandler
                0x08001c08                DMA1_Stream5_IRQHandler
                0x08001c08                PVD_IRQHandler
                0x08001c08                SDIO_IRQHandler
                0x08001c08                TAMP_STAMP_IRQHandler
                0x08001c08                CAN2_RX1_IRQHandler
                0x08001c08                EXTI3_IRQHandler
                0x08001c08                TIM8_TRG_COM_TIM14_IRQHandler
                0x08001c08                TIM1_UP_TIM10_IRQHandler
                0x08001c08                TIM8_UP_TIM13_IRQHandler
                0x08001c08                I2C3_ER_IRQHandler
                0x08001c08                EXTI0_IRQHandler
                0x08001c08                I2C2_EV_IRQHandler
                0x08001c08                DMA1_Stream2_IRQHandler
                0x08001c08                CAN1_RX0_IRQHandler
                0x08001c08                FPU_IRQHandler
                0x08001c08                OTG_HS_WKUP_IRQHandler
                0x08001c08                CAN2_SCE_IRQHandler
                0x08001c08                DMA2_Stream2_IRQHandler
                0x08001c08                SPI1_IRQHandler
                0x08001c08                TIM6_DAC_IRQHandler
                0x08001c08                TIM1_BRK_TIM9_IRQHandler
                0x08001c08                DCMI_IRQHandler
                0x08001c08                CAN2_RX0_IRQHandler
                0x08001c08                DMA2_Stream3_IRQHandler
                0x08001c08                SAI2_IRQHandler
                0x08001c08                USART6_IRQHandler
                0x08001c08                CAN1_RX1_IRQHandler
                0x08001c08                UART5_IRQHandler
                0x08001c08                DMA2_Stream0_IRQHandler
                0x08001c08                TIM4_IRQHandler
                0x08001c08                QUADSPI_IRQHandler
                0x08001c08                I2C1_EV_IRQHandler
                0x08001c08                DMA1_Stream6_IRQHandler
                0x08001c08                DMA1_Stream1_IRQHandler
                0x08001c08                UART4_IRQHandler
                0x08001c08                TIM3_IRQHandler
                0x08001c08                RCC_IRQHandler
                0x08001c08                TIM8_BRK_TIM12_IRQHandler
                0x08001c08                Default_Handler
                0x08001c08                CEC_IRQHandler
                0x08001c08                EXTI15_10_IRQHandler
                0x08001c08                ADC_IRQHandler
                0x08001c08                DMA1_Stream7_IRQHandler
                0x08001c08                TIM7_IRQHandler
                0x08001c08                CAN2_TX_IRQHandler
                0x08001c08                DMA2_Stream7_IRQHandler
                0x08001c08                I2C3_EV_IRQHandler
                0x08001c08                EXTI9_5_IRQHandler
                0x08001c08                RTC_WKUP_IRQHandler
                0x08001c08                SPDIF_RX_IRQHandler
                0x08001c08                SPI2_IRQHandler
                0x08001c08                OTG_HS_EP1_IN_IRQHandler
                0x08001c08                DMA1_Stream0_IRQHandler
                0x08001c08                CAN1_TX_IRQHandler
                0x08001c08                FMPI2C1_ER_IRQHandler
                0x08001c08                EXTI4_IRQHandler
                0x08001c08                OTG_HS_EP1_OUT_IRQHandler
                0x08001c08                WWDG_IRQHandler
                0x08001c08                TIM2_IRQHandler
                0x08001c08                OTG_FS_WKUP_IRQHandler
                0x08001c08                TIM1_TRG_COM_TIM11_IRQHandler
                0x08001c08                OTG_HS_IRQHandler
                0x08001c08                EXTI1_IRQHandler
                0x08001c08                USART2_IRQHandler
                0x08001c08                I2C2_ER_IRQHandler
                0x08001c08                DMA2_Stream1_IRQHandler
                0x08001c08                CAN1_SCE_IRQHandler
                0x08001c08                FLASH_IRQHandler
                0x08001c08                DMA2_Stream4_IRQHandler
                0x08001c08                OTG_FS_IRQHandler
                0x08001c08                SPI3_IRQHandler
                0x08001c08                DMA1_Stream4_IRQHandler
                0x08001c08                I2C1_ER_IRQHandler
                0x08001c08                FMC_IRQHandler
                0x08001c08                DMA2_Stream6_IRQHandler
                0x08001c08                SAI1_IRQHandler
                0x08001c08                DMA1_Stream3_IRQHandler
 *fill*         0x08001c0a        0x2 
 .text.HAL_Init
                0x08001c0c       0x44 ./Drivers/STM32F4xx_HAL_Driver/Src/stm32f4xx_hal.o
                0x08001c0c                HAL_Init
 .text.HAL_InitTick
                0x08001c50       0x60 ./Drivers/STM32F4xx_HAL_Driver/Src/stm32f4xx_hal.o
                0x08001c50                HAL_InitTick
 .text.HAL_IncTick
                0x08001cb0       0x28 ./Drivers/STM32F4xx_HAL_Driver/Src/stm32f4xx_hal.o
                0x08001cb0                HAL_IncTick
 .text.HAL_GetTick
                0x08001cd8       0x18 ./Drivers/STM32F4xx_HAL_Driver/Src/stm32f4xx_hal.o
                0x08001cd8                HAL_GetTick
 .text.__NVIC_SetPriorityGrouping
                0x08001cf0       0x48 ./Drivers/STM32F4xx_HAL_Driver/Src/stm32f4xx_hal_cortex.o
 .text.__NVIC_GetPriorityGrouping
                0x08001d38       0x1c ./Drivers/STM32F4xx_HAL_Driver/Src/stm32f4xx_hal_cortex.o
 .text.__NVIC_EnableIRQ
                0x08001d54       0x3c ./Drivers/STM32F4xx_HAL_Driver/Src/stm32f4xx_hal_cortex.o
 .text.__NVIC_SetPriority
                0x08001d90       0x54 ./Drivers/STM32F4xx_HAL_Driver/Src/stm32f4xx_hal_cortex.o
 .text.NVIC_EncodePriority
                0x08001de4       0x66 ./Drivers/STM32F4xx_HAL_Driver/Src/stm32f4xx_hal_cortex.o
 *fill*         0x08001e4a        0x2 
 .text.SysTick_Config
                0x08001e4c       0x44 ./Drivers/STM32F4xx_HAL_Driver/Src/stm32f4xx_hal_cortex.o
 .text.HAL_NVIC_SetPriorityGrouping
                0x08001e90       0x16 ./Drivers/STM32F4xx_HAL_Driver/Src/stm32f4xx_hal_cortex.o
                0x08001e90                HAL_NVIC_SetPriorityGrouping
 .text.HAL_NVIC_SetPriority
                0x08001ea6       0x38 ./Drivers/STM32F4xx_HAL_Driver/Src/stm32f4xx_hal_cortex.o
                0x08001ea6                HAL_NVIC_SetPriority
 .text.HAL_NVIC_EnableIRQ
                0x08001ede       0x1c ./Drivers/STM32F4xx_HAL_Driver/Src/stm32f4xx_hal_cortex.o
                0x08001ede                HAL_NVIC_EnableIRQ
 .text.HAL_SYSTICK_Config
                0x08001efa       0x18 ./Drivers/STM32F4xx_HAL_Driver/Src/stm32f4xx_hal_cortex.o
                0x08001efa                HAL_SYSTICK_Config
 .text.HAL_DMA_Abort
                0x08001f12       0xe0 ./Drivers/STM32F4xx_HAL_Driver/Src/stm32f4xx_hal_dma.o
                0x08001f12                HAL_DMA_Abort
 .text.HAL_DMA_Abort_IT
                0x08001ff2       0x44 ./Drivers/STM32F4xx_HAL_Driver/Src/stm32f4xx_hal_dma.o
                0x08001ff2                HAL_DMA_Abort_IT
 *fill*         0x08002036        0x2 
 .text.HAL_GPIO_Init
                0x08002038      0x328 ./Drivers/STM32F4xx_HAL_Driver/Src/stm32f4xx_hal_gpio.o
                0x08002038                HAL_GPIO_Init
 .text.HAL_GPIO_DeInit
                0x08002360      0x1e8 ./Drivers/STM32F4xx_HAL_Driver/Src/stm32f4xx_hal_gpio.o
                0x08002360                HAL_GPIO_DeInit
 .text.HAL_GPIO_WritePin
                0x08002548       0x32 ./Drivers/STM32F4xx_HAL_Driver/Src/stm32f4xx_hal_gpio.o
                0x08002548                HAL_GPIO_WritePin
 *fill*         0x0800257a        0x2 
 .text.HAL_I2C_Init
                0x0800257c      0x288 ./Drivers/STM32F4xx_HAL_Driver/Src/stm32f4xx_hal_i2c.o
                0x0800257c                HAL_I2C_Init
 .text.HAL_I2C_DeInit
                0x08002804       0x5e ./Drivers/STM32F4xx_HAL_Driver/Src/stm32f4xx_hal_i2c.o
                0x08002804                HAL_I2C_DeInit
 *fill*         0x08002862        0x2 
 .text.HAL_I2C_Mem_Write
                0x08002864      0x1f4 ./Drivers/STM32F4xx_HAL_Driver/Src/stm32f4xx_hal_i2c.o
                0x08002864                HAL_I2C_Mem_Write
 .text.HAL_I2C_Mem_Read
                0x08002a58      0x464 ./Drivers/STM32F4xx_HAL_Driver/Src/stm32f4xx_hal_i2c.o
                0x08002a58                HAL_I2C_Mem_Read
 .text.I2C_RequestMemoryWrite
                0x08002ebc      0x12c ./Drivers/STM32F4xx_HAL_Driver/Src/stm32f4xx_hal_i2c.o
 .text.I2C_RequestMemoryRead
                0x08002fe8      0x1d0 ./Drivers/STM32F4xx_HAL_Driver/Src/stm32f4xx_hal_i2c.o
 .text.I2C_WaitOnFlagUntilTimeout
                0x080031b8       0xf4 ./Drivers/STM32F4xx_HAL_Driver/Src/stm32f4xx_hal_i2c.o
 .text.I2C_WaitOnMasterAddressFlagUntilTimeout
                0x080032ac      0x140 ./Drivers/STM32F4xx_HAL_Driver/Src/stm32f4xx_hal_i2c.o
 .text.I2C_WaitOnTXEFlagUntilTimeout
                0x080033ec       0x90 ./Drivers/STM32F4xx_HAL_Driver/Src/stm32f4xx_hal_i2c.o
 .text.I2C_WaitOnBTFFlagUntilTimeout
                0x0800347c       0x90 ./Drivers/STM32F4xx_HAL_Driver/Src/stm32f4xx_hal_i2c.o
 .text.I2C_WaitOnRXNEFlagUntilTimeout
                0x0800350c       0xba ./Drivers/STM32F4xx_HAL_Driver/Src/stm32f4xx_hal_i2c.o
 .text.I2C_IsAcknowledgeFailed
                0x080035c6       0x5e ./Drivers/STM32F4xx_HAL_Driver/Src/stm32f4xx_hal_i2c.o
 .text.HAL_RCC_ClockConfig
                0x08003624      0x1cc ./Drivers/STM32F4xx_HAL_Driver/Src/stm32f4xx_hal_rcc.o
                0x08003624                HAL_RCC_ClockConfig
 .text.HAL_RCC_GetHCLKFreq
                0x080037f0       0x18 ./Drivers/STM32F4xx_HAL_Driver/Src/stm32f4xx_hal_rcc.o
                0x080037f0                HAL_RCC_GetHCLKFreq
 .text.HAL_RCC_GetPCLK1Freq
                0x08003808       0x28 ./Drivers/STM32F4xx_HAL_Driver/Src/stm32f4xx_hal_rcc.o
                0x08003808                HAL_RCC_GetPCLK1Freq
 .text.HAL_RCC_GetPCLK2Freq
                0x08003830       0x28 ./Drivers/STM32F4xx_HAL_Driver/Src/stm32f4xx_hal_rcc.o
                0x08003830                HAL_RCC_GetPCLK2Freq
 .text.HAL_RCC_GetSysClockFreq
                0x08003858      0x460 ./Drivers/STM32F4xx_HAL_Driver/Src/stm32f4xx_hal_rcc_ex.o
                0x08003858                HAL_RCC_GetSysClockFreq
 .text.HAL_RCC_OscConfig
                0x08003cb8      0x53c ./Drivers/STM32F4xx_HAL_Driver/Src/stm32f4xx_hal_rcc_ex.o
                0x08003cb8                HAL_RCC_OscConfig
 .text.HAL_TIM_Base_Init
                0x080041f4       0x9e ./Drivers/STM32F4xx_HAL_Driver/Src/stm32f4xx_hal_tim.o
                0x080041f4                HAL_TIM_Base_Init
 *fill*         0x08004292        0x2 
 .text.HAL_TIM_Base_Start
                0x08004294       0xd0 ./Drivers/STM32F4xx_HAL_Driver/Src/stm32f4xx_hal_tim.o
                0x08004294                HAL_TIM_Base_Start
 .text.HAL_TIM_IC_Init
                0x08004364       0x9e ./Drivers/STM32F4xx_HAL_Driver/Src/stm32f4xx_hal_tim.o
                0x08004364                HAL_TIM_IC_Init
 .text.HAL_TIM_IC_MspInit
                0x08004402       0x14 ./Drivers/STM32F4xx_HAL_Driver/Src/stm32f4xx_hal_tim.o
                0x08004402                HAL_TIM_IC_MspInit
 *fill*         0x08004416        0x2 
 .text.HAL_TIM_IC_Start_IT
                0x08004418      0x250 ./Drivers/STM32F4xx_HAL_Driver/Src/stm32f4xx_hal_tim.o
                0x08004418                HAL_TIM_IC_Start_IT
 .text.HAL_TIM_IRQHandler
                0x08004668      0x1e0 ./Drivers/STM32F4xx_HAL_Driver/Src/stm32f4xx_hal_tim.o
                0x08004668                HAL_TIM_IRQHandler
 .text.HAL_TIM_IC_ConfigChannel
                0x08004848      0x138 ./Drivers/STM32F4xx_HAL_Driver/Src/stm32f4xx_hal_tim.o
                0x08004848                HAL_TIM_IC_ConfigChannel
 .text.HAL_TIM_ConfigClockSource
                0x08004980      0x18e ./Drivers/STM32F4xx_HAL_Driver/Src/stm32f4xx_hal_tim.o
                0x08004980                HAL_TIM_ConfigClockSource
 *fill*         0x08004b0e        0x2 
 .text.HAL_TIM_ReadCapturedValue
                0x08004b10       0x88 ./Drivers/STM32F4xx_HAL_Driver/Src/stm32f4xx_hal_tim.o
                0x08004b10                HAL_TIM_ReadCapturedValue
 .text.HAL_TIM_PeriodElapsedCallback
                0x08004b98       0x14 ./Drivers/STM32F4xx_HAL_Driver/Src/stm32f4xx_hal_tim.o
                0x08004b98                HAL_TIM_PeriodElapsedCallback
 .text.HAL_TIM_OC_DelayElapsedCallback
                0x08004bac       0x14 ./Drivers/STM32F4xx_HAL_Driver/Src/stm32f4xx_hal_tim.o
                0x08004bac                HAL_TIM_OC_DelayElapsedCallback
 .text.HAL_TIM_PWM_PulseFinishedCallback
                0x08004bc0       0x14 ./Drivers/STM32F4xx_HAL_Driver/Src/stm32f4xx_hal_tim.o
                0x08004bc0                HAL_TIM_PWM_PulseFinishedCallback
 .text.HAL_TIM_TriggerCallback
                0x08004bd4       0x14 ./Drivers/STM32F4xx_HAL_Driver/Src/stm32f4xx_hal_tim.o
                0x08004bd4                HAL_TIM_TriggerCallback
 .text.TIM_Base_SetConfig
                0x08004be8      0x14c ./Drivers/STM32F4xx_HAL_Driver/Src/stm32f4xx_hal_tim.o
                0x08004be8                TIM_Base_SetConfig
 .text.TIM_TI1_SetConfig
                0x08004d34       0xe8 ./Drivers/STM32F4xx_HAL_Driver/Src/stm32f4xx_hal_tim.o
                0x08004d34                TIM_TI1_SetConfig
 .text.TIM_TI1_ConfigInputStage
                0x08004e1c       0x5e ./Drivers/STM32F4xx_HAL_Driver/Src/stm32f4xx_hal_tim.o
 .text.TIM_TI2_SetConfig
                0x08004e7a       0x7a ./Drivers/STM32F4xx_HAL_Driver/Src/stm32f4xx_hal_tim.o
 .text.TIM_TI2_ConfigInputStage
                0x08004ef4       0x60 ./Drivers/STM32F4xx_HAL_Driver/Src/stm32f4xx_hal_tim.o
 .text.TIM_TI3_SetConfig
                0x08004f54       0x78 ./Drivers/STM32F4xx_HAL_Driver/Src/stm32f4xx_hal_tim.o
 .text.TIM_TI4_SetConfig
                0x08004fcc       0x7a ./Drivers/STM32F4xx_HAL_Driver/Src/stm32f4xx_hal_tim.o
 .text.TIM_ITRx_SetConfig
                0x08005046       0x36 ./Drivers/STM32F4xx_HAL_Driver/Src/stm32f4xx_hal_tim.o
 .text.TIM_ETR_SetConfig
                0x0800507c       0x40 ./Drivers/STM32F4xx_HAL_Driver/Src/stm32f4xx_hal_tim.o
                0x0800507c                TIM_ETR_SetConfig
 .text.TIM_CCxChannelCmd
                0x080050bc       0x4a ./Drivers/STM32F4xx_HAL_Driver/Src/stm32f4xx_hal_tim.o
                0x080050bc                TIM_CCxChannelCmd
 *fill*         0x08005106        0x2 
 .text.HAL_TIMEx_MasterConfigSynchronization
                0x08005108       0xf8 ./Drivers/STM32F4xx_HAL_Driver/Src/stm32f4xx_hal_tim_ex.o
                0x08005108                HAL_TIMEx_MasterConfigSynchronization
 .text.HAL_TIMEx_CommutCallback
                0x08005200       0x14 ./Drivers/STM32F4xx_HAL_Driver/Src/stm32f4xx_hal_tim_ex.o
                0x08005200                HAL_TIMEx_CommutCallback
 .text.HAL_TIMEx_BreakCallback
                0x08005214       0x14 ./Drivers/STM32F4xx_HAL_Driver/Src/stm32f4xx_hal_tim_ex.o
                0x08005214                HAL_TIMEx_BreakCallback
 .text.HAL_UART_Init
                0x08005228       0xa0 ./Drivers/STM32F4xx_HAL_Driver/Src/stm32f4xx_hal_uart.o
                0x08005228                HAL_UART_Init
 .text.HAL_UART_Transmit
                0x080052c8      0x116 ./Drivers/STM32F4xx_HAL_Driver/Src/stm32f4xx_hal_uart.o
                0x080052c8                HAL_UART_Transmit
 .text.HAL_UART_Receive_IT
                0x080053de       0x4a ./Drivers/STM32F4xx_HAL_Driver/Src/stm32f4xx_hal_uart.o
                0x080053de                HAL_UART_Receive_IT
 .text.HAL_UART_IRQHandler
                0x08005428      0x554 ./Drivers/STM32F4xx_HAL_Driver/Src/stm32f4xx_hal_uart.o
                0x08005428                HAL_UART_IRQHandler
 .text.HAL_UART_TxCpltCallback
                0x0800597c       0x14 ./Drivers/STM32F4xx_HAL_Driver/Src/stm32f4xx_hal_uart.o
                0x0800597c                HAL_UART_TxCpltCallback
 .text.HAL_UARTEx_RxEventCallback
                0x08005990       0x18 ./Drivers/STM32F4xx_HAL_Driver/Src/stm32f4xx_hal_uart.o
                0x08005990                HAL_UARTEx_RxEventCallback
 .text.UART_WaitOnFlagUntilTimeout
                0x080059a8       0xb2 ./Drivers/STM32F4xx_HAL_Driver/Src/stm32f4xx_hal_uart.o
 .text.UART_Start_Receive_IT
                0x08005a5a       0x74 ./Drivers/STM32F4xx_HAL_Driver/Src/stm32f4xx_hal_uart.o
                0x08005a5a                UART_Start_Receive_IT
 .text.UART_EndRxTransfer
                0x08005ace       0xc6 ./Drivers/STM32F4xx_HAL_Driver/Src/stm32f4xx_hal_uart.o
 .text.UART_DMAAbortOnError
                0x08005b94       0x22 ./Drivers/STM32F4xx_HAL_Driver/Src/stm32f4xx_hal_uart.o
 .text.UART_Transmit_IT
                0x08005bb6       0xa0 ./Drivers/STM32F4xx_HAL_Driver/Src/stm32f4xx_hal_uart.o
 .text.UART_EndTransmit_IT
                0x08005c56       0x30 ./Drivers/STM32F4xx_HAL_Driver/Src/stm32f4xx_hal_uart.o
 .text.UART_Receive_IT
                0x08005c86      0x17c ./Drivers/STM32F4xx_HAL_Driver/Src/stm32f4xx_hal_uart.o
 *fill*         0x08005e02        0x2 
 .text.UART_SetConfig
                0x08005e04      0x4e8 ./Drivers/STM32F4xx_HAL_Driver/Src/stm32f4xx_hal_uart.o
 .text.atoi     0x080062ec        0x8 /opt/st/stm32cubeide_2.0.0/plugins/com.st.stm32cube.ide.mcu.externaltools.gnu-tools-for-stm32.13.3.rel1.linux64_1.0.100.202509120712/tools/bin/../lib/gcc/arm-none-eabi/13.3.1/../../../../arm-none-eabi/lib/thumb/v7e-m+fp/hard/libc_nano.a(libc_a-atoi.o)
                0x080062ec                atoi
 .text._strtol_l.isra.0
                0x080062f4       0xf4 /opt/st/stm32cubeide_2.0.0/plugins/com.st.stm32cube.ide.mcu.externaltools.gnu-tools-for-stm32.13.3.rel1.linux64_1.0.100.202509120712/tools/bin/../lib/gcc/arm-none-eabi/13.3.1/../../../../arm-none-eabi/lib/thumb/v7e-m+fp/hard/libc_nano.a(libc_a-strtol.o)
 .text.strtol   0x080063e8       0x14 /opt/st/stm32cubeide_2.0.0/plugins/com.st.stm32cube.ide.mcu.externaltools.gnu-tools-for-stm32.13.3.rel1.linux64_1.0.100.202509120712/tools/bin/../lib/gcc/arm-none-eabi/13.3.1/../../../../arm-none-eabi/lib/thumb/v7e-m+fp/hard/libc_nano.a(libc_a-strtol.o)
                0x080063e8                strtol
 .text.sprintf  0x080063fc       0x44 /opt/st/stm32cubeide_2.0.0/plugins/com.st.stm32cube.ide.mcu.externaltools.gnu-tools-for-stm32.13.3.rel1.linux64_1.0.100.202509120712/tools/bin/../lib/gcc/arm-none-eabi/13.3.1/../../../../arm-none-eabi/lib/thumb/v7e-m+fp/hard/libc_nano.a(libc_a-sprintf.o)
                0x080063fc                sprintf
                0x080063fc                siprintf
 .text.memset   0x08006440       0x10 /opt/st/stm32cubeide_2.0.0/plugins/com.st.stm32cube.ide.mcu.externaltools.gnu-tools-for-stm32.13.3.rel1.linux64_1.0.100.202509120712/tools/bin/../lib/gcc/arm-none-eabi/13.3.1/../../../../arm-none-eabi/lib/thumb/v7e-m+fp/hard/libc_nano.a(libc_a-memset.o)
                0x08006440                memset
 .text.strncmp  0x08006450       0x24 /opt/st/stm32cubeide_2.0.0/plugins/com.st.stm32cube.ide.mcu.externaltools.gnu-tools-for-stm32.13.3.rel1.linux64_1.0.100.202509120712/tools/bin/../lib/gcc/arm-none-eabi/13.3.1/../../../../arm-none-eabi/lib/thumb/v7e-m+fp/hard/libc_nano.a(libc_a-strncmp.o)
                0x08006450                strncmp
 .text.strncpy  0x08006474       0x26 /opt/st/stm32cubeide_2.0.0/plugins/com.st.stm32cube.ide.mcu.externaltools.gnu-tools-for-stm32.13.3.rel1.linux64_1.0.100.202509120712/tools/bin/../lib/gcc/arm-none-eabi/13.3.1/../../../../arm-none-eabi/lib/thumb/v7e-m+fp/hard/libc_nano.a(libc_a-strncpy.o)
                0x08006474                strncpy
 *fill*         0x0800649a        0x2 
 .text.__errno  0x0800649c        0xc /opt/st/stm32cubeide_2.0.0/plugins/com.st.stm32cube.ide.mcu.externaltools.gnu-tools-for-stm32.13.3.rel1.linux64_1.0.100.202509120712/tools/bin/../lib/gcc/arm-none-eabi/13.3.1/../../../../arm-none-eabi/lib/thumb/v7e-m+fp/hard/libc_nano.a(libc_a-errno.o)
                0x0800649c                __errno
 .text.__libc_init_array
                0x080064a8       0x48 /opt/st/stm32cubeide_2.0.0/plugins/com.st.stm32cube.ide.mcu.externaltools.gnu-tools-for-stm32.13.3.rel1.linux64_1.0.100.202509120712/tools/bin/../lib/gcc/arm-none-eabi/13.3.1/../../../../arm-none-eabi/lib/thumb/v7e-m+fp/hard/libc_nano.a(libc_a-init.o)
                0x080064a8                __libc_init_array
 .text.__retarget_lock_acquire_recursive
                0x080064f0        0x2 /opt/st/stm32cubeide_2.0.0/plugins/com.st.stm32cube.ide.mcu.externaltools.gnu-tools-for-stm32.13.3.rel1.linux64_1.0.100.202509120712/tools/bin/../lib/gcc/arm-none-eabi/13.3.1/../../../../arm-none-eabi/lib/thumb/v7e-m+fp/hard/libc_nano.a(libc_a-lock.o)
                0x080064f0                __retarget_lock_acquire_recursive
 .text.__retarget_lock_release_recursive
                0x080064f2        0x2 /opt/st/stm32cubeide_2.0.0/plugins/com.st.stm32cube.ide.mcu.externaltools.gnu-tools-for-stm32.13.3.rel1.linux64_1.0.100.202509120712/tools/bin/../lib/gcc/arm-none-eabi/13.3.1/../../../../arm-none-eabi/lib/thumb/v7e-m+fp/hard/libc_nano.a(libc_a-lock.o)
                0x080064f2                __retarget_lock_release_recursive
 .text.strcpy   0x080064f4       0x10 /opt/st/stm32cubeide_2.0.0/plugins/com.st.stm32cube.ide.mcu.externaltools.gnu-tools-for-stm32.13.3.rel1.linux64_1.0.100.202509120712/tools/bin/../lib/gcc/arm-none-eabi/13.3.1/../../../../arm-none-eabi/lib/thumb/v7e-m+fp/hard/libc_nano.a(libc_a-strcpy.o)
                0x080064f4                strcpy
 .text.memcpy   0x08006504       0x1c /opt/st/stm32cubeide_2.0.0/plugins/com.st.stm32cube.ide.mcu.externaltools.gnu-tools-for-stm32.13.3.rel1.linux64_1.0.100.202509120712/tools/bin/../lib/gcc/arm-none-eabi/13.3.1/../../../../arm-none-eabi/lib/thumb/v7e-m+fp/hard/libc_nano.a(libc_a-memcpy-stub.o)
                0x08006504                memcpy
 .text._free_r  0x08006520       0x94 /opt/st/stm32cubeide_2.0.0/plugins/com.st.stm32cube.ide.mcu.externaltools.gnu-tools-for-stm32.13.3.rel1.linux64_1.0.100.202509120712/tools/bin/../lib/gcc/arm-none-eabi/13.3.1/../../../../arm-none-eabi/lib/thumb/v7e-m+fp/hard/libc_nano.a(libc_a-freer.o)
                0x08006520                _free_r
 .text.sbrk_aligned
                0x080065b4       0x44 /opt/st/stm32cubeide_2.0.0/plugins/com.st.stm32cube.ide.mcu.externaltools.gnu-tools-for-stm32.13.3.rel1.linux64_1.0.100.202509120712/tools/bin/../lib/gcc/arm-none-eabi/13.3.1/../../../../arm-none-eabi/lib/thumb/v7e-m+fp/hard/libc_nano.a(libc_a-mallocr.o)
 .text._malloc_r
                0x080065f8      0x100 /opt/st/stm32cubeide_2.0.0/plugins/com.st.stm32cube.ide.mcu.externaltools.gnu-tools-for-stm32.13.3.rel1.linux64_1.0.100.202509120712/tools/bin/../lib/gcc/arm-none-eabi/13.3.1/../../../../arm-none-eabi/lib/thumb/v7e-m+fp/hard/libc_nano.a(libc_a-mallocr.o)
                0x080065f8                _malloc_r
 .text.__malloc_lock
                0x080066f8        0xc /opt/st/stm32cubeide_2.0.0/plugins/com.st.stm32cube.ide.mcu.externaltools.gnu-tools-for-stm32.13.3.rel1.linux64_1.0.100.202509120712/tools/bin/../lib/gcc/arm-none-eabi/13.3.1/../../../../arm-none-eabi/lib/thumb/v7e-m+fp/hard/libc_nano.a(libc_a-mlock.o)
                0x080066f8                __malloc_lock
 .text.__malloc_unlock
                0x08006704        0xc /opt/st/stm32cubeide_2.0.0/plugins/com.st.stm32cube.ide.mcu.externaltools.gnu-tools-for-stm32.13.3.rel1.linux64_1.0.100.202509120712/tools/bin/../lib/gcc/arm-none-eabi/13.3.1/../../../../arm-none-eabi/lib/thumb/v7e-m+fp/hard/libc_nano.a(libc_a-mlock.o)
                0x08006704                __malloc_unlock
 .text.__ssputs_r
                0x08006710       0xb6 /opt/st/stm32cubeide_2.0.0/plugins/com.st.stm32cube.ide.mcu.externaltools.gnu-tools-for-stm32.13.3.rel1.linux64_1.0.100.202509120712/tools/bin/../lib/gcc/arm-none-eabi/13.3.1/../../../../arm-none-eabi/lib/thumb/v7e-m+fp/hard/libc_nano.a(libc_a-nano-svfprintf.o)
                0x08006710                __ssputs_r
 *fill*         0x080067c6        0x2 
 .text._svfprintf_r
                0x080067c8      0x1f8 /opt/st/stm32cubeide_2.0.0/plugins/com.st.stm32cube.ide.mcu.externaltools.gnu-tools-for-stm32.13.3.rel1.linux64_1.0.100.202509120712/tools/bin/../lib/gcc/arm-none-eabi/13.3.1/../../../../arm-none-eabi/lib/thumb/v7e-m+fp/hard/libc_nano.a(libc_a-nano-svfprintf.o)
                0x080067c8                _svfprintf_r
                0x080067c8                _svfiprintf_r
 .text._printf_common
                0x080069c0       0xda /opt/st/stm32cubeide_2.0.0/plugins/com.st.stm32cube.ide.mcu.externaltools.gnu-tools-for-stm32.13.3.rel1.linux64_1.0.100.202509120712/tools/bin/../lib/gcc/arm-none-eabi/13.3.1/../../../../arm-none-eabi/lib/thumb/v7e-m+fp/hard/libc_nano.a(libc_a-nano-vfprintf_i.o)
                0x080069c0                _printf_common
 *fill*         0x08006a9a        0x2 
 .text._printf_i
                0x08006a9c      0x23c /opt/st/stm32cubeide_2.0.0/plugins/com.st.stm32cube.ide.mcu.externaltools.gnu-tools-for-stm32.13.3.rel1.linux64_1.0.100.202509120712/tools/bin/../lib/gcc/arm-none-eabi/13.3.1/../../../../arm-none-eabi/lib/thumb/v7e-m+fp/hard/libc_nano.a(libc_a-nano-vfprintf_i.o)
                0x08006a9c                _printf_i
 .text.memmove  0x08006cd8       0x34 /opt/st/stm32cubeide_2.0.0/plugins/com.st.stm32cube.ide.mcu.externaltools.gnu-tools-for-stm32.13.3.rel1.linux64_1.0.100.202509120712/tools/bin/../lib/gcc/arm-none-eabi/13.3.1/../../../../arm-none-eabi/lib/thumb/v7e-m+fp/hard/libc_nano.a(libc_a-memmove.o)
                0x08006cd8                memmove
 .text._sbrk_r  0x08006d0c       0x20 /opt/st/stm32cubeide_2.0.0/plugins/com.st.stm32cube.ide.mcu.externaltools.gnu-tools-for-stm32.13.3.rel1.linux64_1.0.100.202509120712/tools/bin/../lib/gcc/arm-none-eabi/13.3.1/../../../../arm-none-eabi/lib/thumb/v7e-m+fp/hard/libc_nano.a(libc_a-sbrkr.o)
                0x08006d0c                _sbrk_r
 .text._realloc_r
                0x08006d2c       0x5c /opt/st/stm32cubeide_2.0.0/plugins/com.st.stm32cube.ide.mcu.externaltools.gnu-tools-for-stm32.13.3.rel1.linux64_1.0.100.202509120712/tools/bin/../lib/gcc/arm-none-eabi/13.3.1/../../../../arm-none-eabi/lib/thumb/v7e-m+fp/hard/libc_nano.a(libc_a-reallocr.o)
                0x08006d2c                _realloc_r
 .text._malloc_usable_size_r
                0x08006d88       0x10 /opt/st/stm32cubeide_2.0.0/plugins/com.st.stm32cube.ide.mcu.externaltools.gnu-tools-for-stm32.13.3.rel1.linux64_1.0.100.202509120712/tools/bin/../lib/gcc/arm-none-eabi/13.3.1/../../../../arm-none-eabi/lib/thumb/v7e-m+fp/hard/libc_nano.a(libc_a-msizer.o)
                0x08006d88                _malloc_usable_size_r
 .text.sqrtf    0x08006d98       0x3c /opt/st/stm32cubeide_2.0.0/plugins/com.st.stm32cube.ide.mcu.externaltools.gnu-tools-for-stm32.13.3.rel1.linux64_1.0.100.202509120712/tools/bin/../lib/gcc/arm-none-eabi/13.3.1/../../../../arm-none-eabi/lib/thumb/v7e-m+fp/hard/libm.a(libm_a-wf_sqrt.o)
                0x08006d98                sqrtf
 .text.__ieee754_sqrtf
                0x08006dd4        0x6 /opt/st/stm32cubeide_2.0.0/plugins/com.st.stm32cube.ide.mcu.externaltools.gnu-tools-for-stm32.13.3.rel1.linux64_1.0.100.202509120712/tools/bin/../lib/gcc/arm-none-eabi/13.3.1/../../../../arm-none-eabi/lib/thumb/v7e-m+fp/hard/libm.a(libm_a-ef_sqrt.o)
                0x08006dd4                __ieee754_sqrtf
 *(.glue_7)
 .glue_7        0x08006dda        0x0 linker stubs
 *(.glue_7t)
 .glue_7t       0x08006dda        0x0 linker stubs
 *(.eh_frame)
 *fill*         0x08006dda        0x2 
 .eh_frame      0x08006ddc        0x0 /opt/st/stm32cubeide_2.0.0/plugins/com.st.stm32cube.ide.mcu.externaltools.gnu-tools-for-stm32.13.3.rel1.linux64_1.0.100.202509120712/tools/bin/../lib/gcc/arm-none-eabi/13.3.1/thumb/v7e-m+fp/hard/crtbegin.o
 *(.init)
 .init          0x08006ddc        0x4 /opt/st/stm32cubeide_2.0.0/plugins/com.st.stm32cube.ide.mcu.externaltools.gnu-tools-for-stm32.13.3.rel1.linux64_1.0.100.202509120712/tools/bin/../lib/gcc/arm-none-eabi/13.3.1/thumb/v7e-m+fp/hard/crti.o
                0x08006ddc                _init
 .init          0x08006de0        0x8 /opt/st/stm32cubeide_2.0.0/plugins/com.st.stm32cube.ide.mcu.externaltools.gnu-tools-for-stm32.13.3.rel1.linux64_1.0.100.202509120712/tools/bin/../lib/gcc/arm-none-eabi/13.3.1/thumb/v7e-m+fp/hard/crtn.o
 *(.fini)
 .fini          0x08006de8        0x4 /opt/st/stm32cubeide_2.0.0/plugins/com.st.stm32cube.ide.mcu.externaltools.gnu-tools-for-stm32.13.3.rel1.linux64_1.0.100.202509120712/tools/bin/../lib/gcc/arm-none-eabi/13.3.1/thumb/v7e-m+fp/hard/crti.o
                0x08006de8                _fini
 .fini          0x08006dec        0x8 /opt/st/stm32cubeide_2.0.0/plugins/com.st.stm32cube.ide.mcu.externaltools.gnu-tools-for-stm32.13.3.rel1.linux64_1.0.100.202509120712/tools/bin/../lib/gcc/arm-none-eabi/13.3.1/thumb/v7e-m+fp/hard/crtn.o
                0x08006df4                        . = ALIGN (0x4)
                0x08006df4                        _etext = .

.vfp11_veneer   0x08006df4        0x0
 .vfp11_veneer  0x08006df4        0x0 linker stubs

.v4_bx          0x08006df4        0x0
 .v4_bx         0x08006df4        0x0 linker stubs

.iplt           0x08006df4        0x0
 .iplt          0x08006df4        0x0 /opt/st/stm32cubeide_2.0.0/plugins/com.st.stm32cube.ide.mcu.externaltools.gnu-tools-for-stm32.13.3.rel1.linux64_1.0.100.202509120712/tools/bin/../lib/gcc/arm-none-eabi/13.3.1/thumb/v7e-m+fp/hard/crtbegin.o

.rodata         0x08006df4      0x298
                0x08006df4                        . = ALIGN (0x4)
 *(.rodata)
 .rodata        0x08006df4       0x24 ./Core/Src/ESP32.o
 .rodata        0x08006e18       0x19 ./Core/Src/LSM_6DS3.o
 *fill*         0x08006e31        0x3 
 .rodata        0x08006e34        0x7 ./Core/Src/NEO_6M.o
 *fill*         0x08006e3b        0x1 
 .rodata        0x08006e3c      0x101 ./Core/Src/main.o
 *(.rodata*)
 *fill*         0x08006f3d        0x3 
 .rodata.AHBPrescTable
                0x08006f40       0x10 ./Core/Src/system_stm32f4xx.o
                0x08006f40                AHBPrescTable
 .rodata.APBPrescTable
                0x08006f50        0x8 ./Core/Src/system_stm32f4xx.o
                0x08006f50                APBPrescTable
 .rodata._ctype_
                0x08006f58      0x101 /opt/st/stm32cubeide_2.0.0/plugins/com.st.stm32cube.ide.mcu.externaltools.gnu-tools-for-stm32.13.3.rel1.linux64_1.0.100.202509120712/tools/bin/../lib/gcc/arm-none-eabi/13.3.1/../../../../arm-none-eabi/lib/thumb/v7e-m+fp/hard/libc_nano.a(libc_a-ctype_.o)
                0x08006f58                _ctype_
 .rodata._svfprintf_r.str1.1
                0x08007059       0x33 /opt/st/stm32cubeide_2.0.0/plugins/com.st.stm32cube.ide.mcu.externaltools.gnu-tools-for-stm32.13.3.rel1.linux64_1.0.100.202509120712/tools/bin/../lib/gcc/arm-none-eabi/13.3.1/../../../../arm-none-eabi/lib/thumb/v7e-m+fp/hard/libc_nano.a(libc_a-nano-svfprintf.o)
                                 0x11 (size before relaxing)
 .rodata._printf_i.str1.1
                0x0800708c        0x0 /opt/st/stm32cubeide_2.0.0/plugins/com.st.stm32cube.ide.mcu.externaltools.gnu-tools-for-stm32.13.3.rel1.linux64_1.0.100.202509120712/tools/bin/../lib/gcc/arm-none-eabi/13.3.1/../../../../arm-none-eabi/lib/thumb/v7e-m+fp/hard/libc_nano.a(libc_a-nano-vfprintf_i.o)
                                 0x22 (size before relaxing)
                0x0800708c                        . = ALIGN (0x4)

.ARM.extab      0x0800708c        0x0
                0x0800708c                        . = ALIGN (0x4)
 *(.ARM.extab* .gnu.linkonce.armextab.*)
                0x0800708c                        . = ALIGN (0x4)

.ARM            0x0800708c        0x8
                0x0800708c                        . = ALIGN (0x4)
                0x0800708c                        __exidx_start = .
 *(.ARM.exidx*)
 .ARM.exidx     0x0800708c        0x8 /opt/st/stm32cubeide_2.0.0/plugins/com.st.stm32cube.ide.mcu.externaltools.gnu-tools-for-stm32.13.3.rel1.linux64_1.0.100.202509120712/tools/bin/../lib/gcc/arm-none-eabi/13.3.1/../../../../arm-none-eabi/lib/thumb/v7e-m+fp/hard/libc_nano.a(libc_a-strlen.o)
 .ARM.exidx     0x08007094        0x0 /opt/st/stm32cubeide_2.0.0/plugins/com.st.stm32cube.ide.mcu.externaltools.gnu-tools-for-stm32.13.3.rel1.linux64_1.0.100.202509120712/tools/bin/../lib/gcc/arm-none-eabi/13.3.1/../../../../arm-none-eabi/lib/thumb/v7e-m+fp/hard/libc_nano.a(libc_a-memchr.o)
                                  0x8 (size before relaxing)
 .ARM.exidx     0x08007094        0x0 /opt/st/stm32cubeide_2.0.0/plugins/com.st.stm32cube.ide.mcu.externaltools.gnu-tools-for-stm32.13.3.rel1.linux64_1.0.100.202509120712/tools/bin/../lib/gcc/arm-none-eabi/13.3.1/thumb/v7e-m+fp/hard/libgcc.a(_udivmoddi4.o)
                                  0x8 (size before relaxing)
                0x08007094                        __exidx_end = .
                0x08007094                        . = ALIGN (0x4)

.preinit_array  0x08007094        0x0
                0x08007094                        . = ALIGN (0x4)
                0x08007094                        PROVIDE (__preinit_array_start = .)
 *(.preinit_array*)
                0x08007094                        PROVIDE (__preinit_array_end = .)
                0x08007094                        . = ALIGN (0x4)

.init_array     0x08007094        0x4
                0x08007094                        . = ALIGN (0x4)
                0x08007094                        PROVIDE (__init_array_start = .)
 *(SORT_BY_NAME(.init_array.*))
 *(.init_array*)
 .init_array    0x08007094        0x4 /opt/st/stm32cubeide_2.0.0/plugins/com.st.stm32cube.ide.mcu.externaltools.gnu-tools-for-stm32.13.3.rel1.linux64_1.0.100.202509120712/tools/bin/../lib/gcc/arm-none-eabi/13.3.1/thumb/v7e-m+fp/hard/crtbegin.o
                0x08007098                        PROVIDE (__init_array_end = .)
                0x08007098                        . = ALIGN (0x4)

.fini_array     0x08007098        0x4
                0x08007098                        . = ALIGN (0x4)
                [!provide]                        PROVIDE (__fini_array_start = .)
 *(SORT_BY_NAME(.fini_array.*))
 *(.fini_array*)
 .fini_array    0x08007098        0x4 /opt/st/stm32cubeide_2.0.0/plugins/com.st.stm32cube.ide.mcu.externaltools.gnu-tools-for-stm32.13.3.rel1.linux64_1.0.100.202509120712/tools/bin/../lib/gcc/arm-none-eabi/13.3.1/thumb/v7e-m+fp/hard/crtbegin.o
                [!provide]                        PROVIDE (__fini_array_end = .)
                0x0800709c                        . = ALIGN (0x4)
                0x0800709c                        _sidata = LOADADDR (.data)

.rel.dyn        0x0800709c        0x0
 .rel.iplt      0x0800709c        0x0 /opt/st/stm32cubeide_2.0.0/plugins/com.st.stm32cube.ide.mcu.externaltools.gnu-tools-for-stm32.13.3.rel1.linux64_1.0.100.202509120712/tools/bin/../lib/gcc/arm-none-eabi/13.3.1/thumb/v7e-m+fp/hard/crtbegin.o

.data           0x20000000       0x80 load address 0x0800709c
                0x20000000                        . = ALIGN (0x4)
                0x20000000                        _sdata = .
 *(.data)
 *(.data*)
 .data.alpha_g  0x20000000        0x4 ./Core/Src/LSM_6DS3.o
 .data.last_lat
                0x20000004       0x10 ./Core/Src/main.o
                0x20000004                last_lat
 .data.last_lon
                0x20000014       0x10 ./Core/Src/main.o
                0x20000014                last_lon
 .data.SystemCoreClock
                0x20000024        0x4 ./Core/Src/system_stm32f4xx.o
                0x20000024                SystemCoreClock
 .data.uwTickPrio
                0x20000028        0x4 ./Drivers/STM32F4xx_HAL_Driver/Src/stm32f4xx_hal.o
                0x20000028                uwTickPrio
 .data.uwTickFreq
                0x2000002c        0x1 ./Drivers/STM32F4xx_HAL_Driver/Src/stm32f4xx_hal.o
                0x2000002c                uwTickFreq
 *fill*         0x2000002d        0x3 
 .data._impure_ptr
                0x20000030        0x4 /opt/st/stm32cubeide_2.0.0/plugins/com.st.stm32cube.ide.mcu.externaltools.gnu-tools-for-stm32.13.3.rel1.linux64_1.0.100.202509120712/tools/bin/../lib/gcc/arm-none-eabi/13.3.1/../../../../arm-none-eabi/lib/thumb/v7e-m+fp/hard/libc_nano.a(libc_a-impure.o)
                0x20000030                _impure_ptr
 .data._impure_data
                0x20000034       0x4c /opt/st/stm32cubeide_2.0.0/plugins/com.st.stm32cube.ide.mcu.externaltools.gnu-tools-for-stm32.13.3.rel1.linux64_1.0.100.202509120712/tools/bin/../lib/gcc/arm-none-eabi/13.3.1/../../../../arm-none-eabi/lib/thumb/v7e-m+fp/hard/libc_nano.a(libc_a-impure.o)
                0x20000034                _impure_data
 *(.RamFunc)
 *(.RamFunc*)
                0x20000080                        . = ALIGN (0x4)
                0x20000080                        _edata = .

.igot.plt       0x20000080        0x0 load address 0x0800711c
 .igot.plt      0x20000080        0x0 /opt/st/stm32cubeide_2.0.0/plugins/com.st.stm32cube.ide.mcu.externaltools.gnu-tools-for-stm32.13.3.rel1.linux64_1.0.100.202509120712/tools/bin/../lib/gcc/arm-none-eabi/13.3.1/thumb/v7e-m+fp/hard/crtbegin.o
                0x20000080                        . = ALIGN (0x4)

.bss            0x20000080      0x738 load address 0x0800711c
                0x20000080                        _sbss = .
                0x20000080                        __bss_start__ = _sbss
 *(.bss)
 .bss           0x20000080       0x1c /opt/st/stm32cubeide_2.0.0/plugins/com.st.stm32cube.ide.mcu.externaltools.gnu-tools-for-stm32.13.3.rel1.linux64_1.0.100.202509120712/tools/bin/../lib/gcc/arm-none-eabi/13.3.1/thumb/v7e-m+fp/hard/crtbegin.o
 *(.bss*)
 .bss.esp32_uart
                0x2000009c        0x4 ./Core/Src/ESP32.o
 .bss.esp32_msg
                0x200000a0       0x80 ./Core/Src/ESP32.o
 .bss.hcsr04_busy
                0x20000120        0x1 ./Core/Src/HC_SR04.o
                0x20000120                hcsr04_busy
 .bss.hcsr04_done
                0x20000121        0x1 ./Core/Src/HC_SR04.o
                0x20000121                hcsr04_done
 .bss.hcsr04_last_cm
                0x20000122        0x2 ./Core/Src/HC_SR04.o
                0x20000122                hcsr04_last_cm
 .bss.rising_edge
                0x20000124        0x4 ./Core/Src/HC_SR04.o
 .bss.falling_edge
                0x20000128        0x4 ./Core/Src/HC_SR04.o
 .bss.pulse_width
                0x2000012c        0x4 ./Core/Src/HC_SR04.o
 .bss.capture_state
                0x20000130        0x1 ./Core/Src/HC_SR04.o
 *fill*         0x20000131        0x3 
 .bss.g_x       0x20000134        0x4 ./Core/Src/LSM_6DS3.o
 .bss.g_y       0x20000138        0x4 ./Core/Src/LSM_6DS3.o
 .bss.g_z       0x2000013c        0x4 ./Core/Src/LSM_6DS3.o
 .bss.rx_byte   0x20000140        0x1 ./Core/Src/NEO_6M.o
 *fill*         0x20000141        0x3 
 .bss.rx_buffer
                0x20000144      0x200 ./Core/Src/NEO_6M.o
 .bss.rx_head   0x20000344        0x2 ./Core/Src/NEO_6M.o
 .bss.rx_tail   0x20000346        0x2 ./Core/Src/NEO_6M.o
 .bss.line_buffer
                0x20000348       0x80 ./Core/Src/NEO_6M.o
 .bss.line_index
                0x200003c8        0x2 ./Core/Src/NEO_6M.o
 *fill*         0x200003ca        0x2 
 .bss.gps_data  0x200003cc       0x44 ./Core/Src/NEO_6M.o
 .bss.gps_data_updated
                0x20000410        0x1 ./Core/Src/NEO_6M.o
 *fill*         0x20000411        0x3 
 .bss.hi2c1     0x20000414       0x54 ./Core/Src/main.o
                0x20000414                hi2c1
 .bss.htim5     0x20000468       0x48 ./Core/Src/main.o
                0x20000468                htim5
 .bss.huart1    0x200004b0       0x48 ./Core/Src/main.o
                0x200004b0                huart1
 .bss.huart2    0x200004f8       0x48 ./Core/Src/main.o
                0x200004f8                huart2
 .bss.huart3    0x20000540       0x48 ./Core/Src/main.o
                0x20000540                huart3
 .bss.myGpsData
                0x20000588       0x44 ./Core/Src/main.o
                0x20000588                myGpsData
 .bss.msg       0x200005cc       0x80 ./Core/Src/main.o
                0x200005cc                msg
 .bss.last_trigger
                0x2000064c        0x4 ./Core/Src/main.o
                0x2000064c                last_trigger
 .bss.shock_value
                0x20000650        0x2 ./Core/Src/main.o
                0x20000650                shock_value
 *fill*         0x20000652        0x2 
 .bss.last_imu_sample
                0x20000654        0x4 ./Core/Src/main.o
                0x20000654                last_imu_sample
 .bss.last_event_time
                0x20000658        0x4 ./Core/Src/main.o
                0x20000658                last_event_time
 .bss.pothole_confirm_count.2
                0x2000065c        0x1 ./Core/Src/main.o
 *fill*         0x2000065d        0x3 
 .bss.last_rough_send.1
                0x20000660        0x4 ./Core/Src/main.o
 .bss.last_normal.0
                0x20000664        0x4 ./Core/Src/main.o
 .bss.__sbrk_heap_end
                0x20000668        0x4 ./Core/Src/sysmem.o
 .bss.uwTick    0x2000066c        0x4 ./Drivers/STM32F4xx_HAL_Driver/Src/stm32f4xx_hal.o
                0x2000066c                uwTick
 .bss.__sf      0x20000670      0x138 /opt/st/stm32cubeide_2.0.0/plugins/com.st.stm32cube.ide.mcu.externaltools.gnu-tools-for-stm32.13.3.rel1.linux64_1.0.100.202509120712/tools/bin/../lib/gcc/arm-none-eabi/13.3.1/../../../../arm-none-eabi/lib/thumb/v7e-m+fp/hard/libc_nano.a(libc_a-findfp.o)
                0x20000670                __sf
 .bss.errno     0x200007a8        0x4 /opt/st/stm32cubeide_2.0.0/plugins/com.st.stm32cube.ide.mcu.externaltools.gnu-tools-for-stm32.13.3.rel1.linux64_1.0.100.202509120712/tools/bin/../lib/gcc/arm-none-eabi/13.3.1/../../../../arm-none-eabi/lib/thumb/v7e-m+fp/hard/libc_nano.a(libc_a-reent.o)
                0x200007a8                errno
 .bss.__lock___malloc_recursive_mutex
                0x200007ac        0x1 /opt/st/stm32cubeide_2.0.0/plugins/com.st.stm32cube.ide.mcu.externaltools.gnu-tools-for-stm32.13.3.rel1.linux64_1.0.100.202509120712/tools/bin/../lib/gcc/arm-none-eabi/13.3.1/../../../../arm-none-eabi/lib/thumb/v7e-m+fp/hard/libc_nano.a(libc_a-lock.o)
                0x200007ac                __lock___malloc_recursive_mutex
 *fill*         0x200007ad        0x3 
 .bss.__malloc_sbrk_start
                0x200007b0        0x4 /opt/st/stm32cubeide_2.0.0/plugins/com.st.stm32cube.ide.mcu.externaltools.gnu-tools-for-stm32.13.3.rel1.linux64_1.0.100.202509120712/tools/bin/../lib/gcc/arm-none-eabi/13.3.1/../../../../arm-none-eabi/lib/thumb/v7e-m+fp/hard/libc_nano.a(libc_a-mallocr.o)
                0x200007b0                __malloc_sbrk_start
 .bss.__malloc_free_list
                0x200007b4        0x4 /opt/st/stm32cubeide_2.0.0/plugins/com.st.stm32cube.ide.mcu.externaltools.gnu-tools-for-stm32.13.3.rel1.linux64_1.0.100.202509120712/tools/bin/../lib/gcc/arm-none-eabi/13.3.1/../../../../arm-none-eabi/lib/thumb/v7e-m+fp/hard/libc_nano.a(libc_a-mallocr.o)
                0x200007b4                __malloc_free_list
 *(COMMON)
                0x200007b8                        . = ALIGN (0x4)
                0x200007b8                        _ebss = .
                0x200007b8                        __bss_end__ = _ebss

._user_heap_stack
                0x200007b8      0x600 load address 0x0800711c
                0x200007b8                        . = ALIGN (0x8)
                [!provide]                        PROVIDE (end = .)
                0x200007b8                        PROVIDE (_end = .)
                0x200009b8                        . = (. + _Min_Heap_Size)
 *fill*         0x200007b8      0x200 
                0x20000db8                        . = (. + _Min_Stack_Size)
 *fill*         0x200009b8      0x400 
                0x20000db8                        . = ALIGN (0x8)

/DISCARD/
 libc.a(*)
 libm.a(*)
 libgcc.a(*)

.ARM.attributes
                0x00000000       0x30
 *(.ARM.attributes)
 .ARM.attributes
                0x00000000       0x22 /opt/st/stm32cubeide_2.0.0/plugins/com.st.stm32cube.ide.mcu.externaltools.gnu-tools-for-stm32.13.3.rel1.linux64_1.0.100.202509120712/tools/bin/../lib/gcc/arm-none-eabi/13.3.1/thumb/v7e-m+fp/hard/crti.o
 .ARM.attributes
                0x00000022       0x34 /opt/st/stm32cubeide_2.0.0/plugins/com.st.stm32cube.ide.mcu.externaltools.gnu-tools-for-stm32.13.3.rel1.linux64_1.0.100.202509120712/tools/bin/../lib/gcc/arm-none-eabi/13.3.1/thumb/v7e-m+fp/hard/crtbegin.o
 .ARM.attributes
                0x00000056       0x34 ./Core/Src/ESP32.o
 .ARM.attributes
                0x0000008a       0x34 ./Core/Src/HC_SR04.o
 .ARM.attributes
                0x000000be       0x34 ./Core/Src/LSM_6DS3.o
 .ARM.attributes
                0x000000f2       0x34 ./Core/Src/NEO_6M.o
 .ARM.attributes
                0x00000126       0x34 ./Core/Src/main.o
 .ARM.attributes
                0x0000015a       0x34 ./Core/Src/stm32f4xx_hal_msp.o
 .ARM.attributes
                0x0000018e       0x34 ./Core/Src/stm32f4xx_it.o
 .ARM.attributes
                0x000001c2       0x34 ./Core/Src/sysmem.o
 .ARM.attributes
                0x000001f6       0x34 ./Core/Src/system_stm32f4xx.o
 .ARM.attributes
                0x0000022a       0x21 ./Core/Startup/startup_stm32f446retx.o
 .ARM.attributes
                0x0000024b       0x34 ./Drivers/STM32F4xx_HAL_Driver/Src/stm32f4xx_hal.o
 .ARM.attributes
                0x0000027f       0x34 ./Drivers/STM32F4xx_HAL_Driver/Src/stm32f4xx_hal_cortex.o
 .ARM.attributes
                0x000002b3       0x34 ./Drivers/STM32F4xx_HAL_Driver/Src/stm32f4xx_hal_dma.o
 .ARM.attributes
                0x000002e7       0x34 ./Drivers/STM32F4xx_HAL_Driver/Src/stm32f4xx_hal_gpio.o
 .ARM.attributes
                0x0000031b       0x34 ./Drivers/STM32F4xx_HAL_Driver/Src/stm32f4xx_hal_i2c.o
 .ARM.attributes
                0x0000034f       0x34 ./Drivers/STM32F4xx_HAL_Driver/Src/stm32f4xx_hal_rcc.o
 .ARM.attributes
                0x00000383       0x34 ./Drivers/STM32F4xx_HAL_Driver/Src/stm32f4xx_hal_rcc_ex.o
 .ARM.attributes
                0x000003b7       0x34 ./Drivers/STM32F4xx_HAL_Driver/Src/stm32f4xx_hal_tim.o
 .ARM.attributes
                0x000003eb       0x34 ./Drivers/STM32F4xx_HAL_Driver/Src/stm32f4xx_hal_tim_ex.o
 .ARM.attributes
                0x0000041f       0x34 ./Drivers/STM32F4xx_HAL_Driver/Src/stm32f4xx_hal_uart.o
 .ARM.attributes
                0x00000453       0x34 /opt/st/stm32cubeide_2.0.0/plugins/com.st.stm32cube.ide.mcu.externaltools.gnu-tools-for-stm32.13.3.rel1.linux64_1.0.100.202509120712/tools/bin/../lib/gcc/arm-none-eabi/13.3.1/../../../../arm-none-eabi/lib/thumb/v7e-m+fp/hard/libc_nano.a(libc_a-atoi.o)
 .ARM.attributes
                0x00000487       0x34 /opt/st/stm32cubeide_2.0.0/plugins/com.st.stm32cube.ide.mcu.externaltools.gnu-tools-for-stm32.13.3.rel1.linux64_1.0.100.202509120712/tools/bin/../lib/gcc/arm-none-eabi/13.3.1/../../../../arm-none-eabi/lib/thumb/v7e-m+fp/hard/libc_nano.a(libc_a-strtol.o)
 .ARM.attributes
                0x000004bb       0x34 /opt/st/stm32cubeide_2.0.0/plugins/com.st.stm32cube.ide.mcu.externaltools.gnu-tools-for-stm32.13.3.rel1.linux64_1.0.100.202509120712/tools/bin/../lib/gcc/arm-none-eabi/13.3.1/../../../../arm-none-eabi/lib/thumb/v7e-m+fp/hard/libc_nano.a(libc_a-ctype_.o)
 .ARM.attributes
                0x000004ef       0x34 /opt/st/stm32cubeide_2.0.0/plugins/com.st.stm32cube.ide.mcu.externaltools.gnu-tools-for-stm32.13.3.rel1.linux64_1.0.100.202509120712/tools/bin/../lib/gcc/arm-none-eabi/13.3.1/../../../../arm-none-eabi/lib/thumb/v7e-m+fp/hard/libc_nano.a(libc_a-findfp.o)
 .ARM.attributes
                0x00000523       0x34 /opt/st/stm32cubeide_2.0.0/plugins/com.st.stm32cube.ide.mcu.externaltools.gnu-tools-for-stm32.13.3.rel1.linux64_1.0.100.202509120712/tools/bin/../lib/gcc/arm-none-eabi/13.3.1/../../../../arm-none-eabi/lib/thumb/v7e-m+fp/hard/libc_nano.a(libc_a-sprintf.o)
 .ARM.attributes
                0x00000557       0x34 /opt/st/stm32cubeide_2.0.0/plugins/com.st.stm32cube.ide.mcu.externaltools.gnu-tools-for-stm32.13.3.rel1.linux64_1.0.100.202509120712/tools/bin/../lib/gcc/arm-none-eabi/13.3.1/../../../../arm-none-eabi/lib/thumb/v7e-m+fp/hard/libc_nano.a(libc_a-memset.o)
 .ARM.attributes
                0x0000058b       0x34 /opt/st/stm32cubeide_2.0.0/plugins/com.st.stm32cube.ide.mcu.externaltools.gnu-tools-for-stm32.13.3.rel1.linux64_1.0.100.202509120712/tools/bin/../lib/gcc/arm-none-eabi/13.3.1/../../../../arm-none-eabi/lib/thumb/v7e-m+fp/hard/libc_nano.a(libc_a-strncmp.o)
 .ARM.attributes
                0x000005bf       0x34 /opt/st/stm32cubeide_2.0.0/plugins/com.st.stm32cube.ide.mcu.externaltools.gnu-tools-for-stm32.13.3.rel1.linux64_1.0.100.202509120712/tools/bin/../lib/gcc/arm-none-eabi/13.3.1/../../../../arm-none-eabi/lib/thumb/v7e-m+fp/hard/libc_nano.a(libc_a-strncpy.o)
 .ARM.attributes
                0x000005f3       0x34 /opt/st/stm32cubeide_2.0.0/plugins/com.st.stm32cube.ide.mcu.externaltools.gnu-tools-for-stm32.13.3.rel1.linux64_1.0.100.202509120712/tools/bin/../lib/gcc/arm-none-eabi/13.3.1/../../../../arm-none-eabi/lib/thumb/v7e-m+fp/hard/libc_nano.a(libc_a-reent.o)
 .ARM.attributes
                0x00000627       0x34 /opt/st/stm32cubeide_2.0.0/plugins/com.st.stm32cube.ide.mcu.externaltools.gnu-tools-for-stm32.13.3.rel1.linux64_1.0.100.202509120712/tools/bin/../lib/gcc/arm-none-eabi/13.3.1/../../../../arm-none-eabi/lib/thumb/v7e-m+fp/hard/libc_nano.a(libc_a-impure.o)
 .ARM.attributes
                0x0000065b       0x34 /opt/st/stm32cubeide_2.0.0/plugins/com.st.stm32cube.ide.mcu.externaltools.gnu-tools-for-stm32.13.3.rel1.linux64_1.0.100.202509120712/tools/bin/../lib/gcc/arm-none-eabi/13.3.1/../../../../arm-none-eabi/lib/thumb/v7e-m+fp/hard/libc_nano.a(libc_a-errno.o)
 .ARM.attributes
                0x0000068f       0x34 /opt/st/stm32cubeide_2.0.0/plugins/com.st.stm32cube.ide.mcu.externaltools.gnu-tools-for-stm32.13.3.rel1.linux64_1.0.100.202509120712/tools/bin/../lib/gcc/arm-none-eabi/13.3.1/../../../../arm-none-eabi/lib/thumb/v7e-m+fp/hard/libc_nano.a(libc_a-init.o)
 .ARM.attributes
                0x000006c3       0x34 /opt/st/stm32cubeide_2.0.0/plugins/com.st.stm32cube.ide.mcu.externaltools.gnu-tools-for-stm32.13.3.rel1.linux64_1.0.100.202509120712/tools/bin/../lib/gcc/arm-none-eabi/13.3.1/../../../../arm-none-eabi/lib/thumb/v7e-m+fp/hard/libc_nano.a(libc_a-lock.o)
 .ARM.attributes
                0x000006f7       0x34 /opt/st/stm32cubeide_2.0.0/plugins/com.st.stm32cube.ide.mcu.externaltools.gnu-tools-for-stm32.13.3.rel1.linux64_1.0.100.202509120712/tools/bin/../lib/gcc/arm-none-eabi/13.3.1/../../../../arm-none-eabi/lib/thumb/v7e-m+fp/hard/libc_nano.a(libc_a-strcpy.o)
 .ARM.attributes
                0x0000072b       0x34 /opt/st/stm32cubeide_2.0.0/plugins/com.st.stm32cube.ide.mcu.externaltools.gnu-tools-for-stm32.13.3.rel1.linux64_1.0.100.202509120712/tools/bin/../lib/gcc/arm-none-eabi/13.3.1/../../../../arm-none-eabi/lib/thumb/v7e-m+fp/hard/libc_nano.a(libc_a-memcpy-stub.o)
 .ARM.attributes
                0x0000075f       0x17 /opt/st/stm32cubeide_2.0.0/plugins/com.st.stm32cube.ide.mcu.externaltools.gnu-tools-for-stm32.13.3.rel1.linux64_1.0.100.202509120712/tools/bin/../lib/gcc/arm-none-eabi/13.3.1/../../../../arm-none-eabi/lib/thumb/v7e-m+fp/hard/libc_nano.a(libc_a-strlen.o)
 .ARM.attributes
                0x00000776       0x34 /opt/st/stm32cubeide_2.0.0/plugins/com.st.stm32cube.ide.mcu.externaltools.gnu-tools-for-stm32.13.3.rel1.linux64_1.0.100.202509120712/tools/bin/../lib/gcc/arm-none-eabi/13.3.1/../../../../arm-none-eabi/lib/thumb/v7e-m+fp/hard/libc_nano.a(libc_a-freer.o)
 .ARM.attributes
                0x000007aa       0x34 /opt/st/stm32cubeide_2.0.0/plugins/com.st.stm32cube.ide.mcu.externaltools.gnu-tools-for-stm32.13.3.rel1.linux64_1.0.100.202509120712/tools/bin/../lib/gcc/arm-none-eabi/13.3.1/../../../../arm-none-eabi/lib/thumb/v7e-m+fp/hard/libc_nano.a(libc_a-mallocr.o)
 .ARM.attributes
                0x000007de       0x34 /opt/st/stm32cubeide_2.0.0/plugins/com.st.stm32cube.ide.mcu.externaltools.gnu-tools-for-stm32.13.3.rel1.linux64_1.0.100.202509120712/tools/bin/../lib/gcc/arm-none-eabi/13.3.1/../../../../arm-none-eabi/lib/thumb/v7e-m+fp/hard/libc_nano.a(libc_a-mlock.o)
 .ARM.attributes
                0x00000812       0x34 /opt/st/stm32cubeide_2.0.0/plugins/com.st.stm32cube.ide.mcu.externaltools.gnu-tools-for-stm32.13.3.rel1.linux64_1.0.100.202509120712/tools/bin/../lib/gcc/arm-none-eabi/13.3.1/../../../../arm-none-eabi/lib/thumb/v7e-m+fp/hard/libc_nano.a(libc_a-nano-svfprintf.o)
 .ARM.attributes
                0x00000846       0x34 /opt/st/stm32cubeide_2.0.0/plugins/com.st.stm32cube.ide.mcu.externaltools.gnu-tools-for-stm32.13.3.rel1.linux64_1.0.100.202509120712/tools/bin/../lib/gcc/arm-none-eabi/13.3.1/../../../../arm-none-eabi/lib/thumb/v7e-m+fp/hard/libc_nano.a(libc_a-nano-vfprintf_i.o)
 .ARM.attributes
                0x0000087a       0x34 /opt/st/stm32cubeide_2.0.0/plugins/com.st.stm32cube.ide.mcu.externaltools.gnu-tools-for-stm32.13.3.rel1.linux64_1.0.100.202509120712/tools/bin/../lib/gcc/arm-none-eabi/13.3.1/../../../../arm-none-eabi/lib/thumb/v7e-m+fp/hard/libc_nano.a(libc_a-memmove.o)
 .ARM.attributes
                0x000008ae       0x34 /opt/st/stm32cubeide_2.0.0/plugins/com.st.stm32cube.ide.mcu.externaltools.gnu-tools-for-stm32.13.3.rel1.linux64_1.0.100.202509120712/tools/bin/../lib/gcc/arm-none-eabi/13.3.1/../../../../arm-none-eabi/lib/thumb/v7e-m+fp/hard/libc_nano.a(libc_a-sbrkr.o)
 .ARM.attributes
                0x000008e2       0x1c /opt/st/stm32cubeide_2.0.0/plugins/com.st.stm32cube.ide.mcu.externaltools.gnu-tools-for-stm32.13.3.rel1.linux64_1.0.100.202509120712/tools/bin/../lib/gcc/arm-none-eabi/13.3.1/../../../../arm-none-eabi/lib/thumb/v7e-m+fp/hard/libc_nano.a(libc_a-memchr.o)
 .ARM.attributes
                0x000008fe       0x34 /opt/st/stm32cubeide_2.0.0/plugins/com.st.stm32cube.ide.mcu.externaltools.gnu-tools-for-stm32.13.3.rel1.linux64_1.0.100.202509120712/tools/bin/../lib/gcc/arm-none-eabi/13.3.1/../../../../arm-none-eabi/lib/thumb/v7e-m+fp/hard/libc_nano.a(libc_a-reallocr.o)
 .ARM.attributes
                0x00000932       0x34 /opt/st/stm32cubeide_2.0.0/plugins/com.st.stm32cube.ide.mcu.externaltools.gnu-tools-for-stm32.13.3.rel1.linux64_1.0.100.202509120712/tools/bin/../lib/gcc/arm-none-eabi/13.3.1/../../../../arm-none-eabi/lib/thumb/v7e-m+fp/hard/libc_nano.a(libc_a-msizer.o)
 .ARM.attributes
                0x00000966       0x34 /opt/st/stm32cubeide_2.0.0/plugins/com.st.stm32cube.ide.mcu.externaltools.gnu-tools-for-stm32.13.3.rel1.linux64_1.0.100.202509120712/tools/bin/../lib/gcc/arm-none-eabi/13.3.1/../../../../arm-none-eabi/lib/thumb/v7e-m+fp/hard/libm.a(libm_a-wf_sqrt.o)
 .ARM.attributes
                0x0000099a       0x34 /opt/st/stm32cubeide_2.0.0/plugins/com.st.stm32cube.ide.mcu.externaltools.gnu-tools-for-stm32.13.3.rel1.linux64_1.0.100.202509120712/tools/bin/../lib/gcc/arm-none-eabi/13.3.1/../../../../arm-none-eabi/lib/thumb/v7e-m+fp/hard/libm.a(libm_a-ef_sqrt.o)
 .ARM.attributes
                0x000009ce       0x22 /opt/st/stm32cubeide_2.0.0/plugins/com.st.stm32cube.ide.mcu.externaltools.gnu-tools-for-stm32.13.3.rel1.linux64_1.0.100.202509120712/tools/bin/../lib/gcc/arm-none-eabi/13.3.1/thumb/v7e-m+fp/hard/libgcc.a(_aeabi_uldivmod.o)
 .ARM.attributes
                0x000009f0       0x34 /opt/st/stm32cubeide_2.0.0/plugins/com.st.stm32cube.ide.mcu.externaltools.gnu-tools-for-stm32.13.3.rel1.linux64_1.0.100.202509120712/tools/bin/../lib/gcc/arm-none-eabi/13.3.1/thumb/v7e-m+fp/hard/libgcc.a(_udivmoddi4.o)
 .ARM.attributes
                0x00000a24       0x22 /opt/st/stm32cubeide_2.0.0/plugins/com.st.stm32cube.ide.mcu.externaltools.gnu-tools-for-stm32.13.3.rel1.linux64_1.0.100.202509120712/tools/bin/../lib/gcc/arm-none-eabi/13.3.1/thumb/v7e-m+fp/hard/libgcc.a(_dvmd_tls.o)
 .ARM.attributes
                0x00000a46       0x22 /opt/st/stm32cubeide_2.0.0/plugins/com.st.stm32cube.ide.mcu.externaltools.gnu-tools-for-stm32.13.3.rel1.linux64_1.0.100.202509120712/tools/bin/../lib/gcc/arm-none-eabi/13.3.1/thumb/v7e-m+fp/hard/crtn.o
OUTPUT(Road_Surface_Monitor.elf elf32-littlearm)
LOAD linker stubs
LOAD /opt/st/stm32cubeide_2.0.0/plugins/com.st.stm32cube.ide.mcu.externaltools.gnu-tools-for-stm32.13.3.rel1.linux64_1.0.100.202509120712/tools/bin/../lib/gcc/arm-none-eabi/13.3.1/../../../../arm-none-eabi/lib/thumb/v7e-m+fp/hard/libc.a
LOAD /opt/st/stm32cubeide_2.0.0/plugins/com.st.stm32cube.ide.mcu.externaltools.gnu-tools-for-stm32.13.3.rel1.linux64_1.0.100.202509120712/tools/bin/../lib/gcc/arm-none-eabi/13.3.1/../../../../arm-none-eabi/lib/thumb/v7e-m+fp/hard/libm.a
LOAD /opt/st/stm32cubeide_2.0.0/plugins/com.st.stm32cube.ide.mcu.externaltools.gnu-tools-for-stm32.13.3.rel1.linux64_1.0.100.202509120712/tools/bin/../lib/gcc/arm-none-eabi/13.3.1/thumb/v7e-m+fp/hard/libgcc.a

.debug_info     0x00000000    0x12c12
 .debug_info    0x00000000      0x72f ./Core/Src/ESP32.o
 .debug_info    0x0000072f      0x887 ./Core/Src/HC_SR04.o
 .debug_info    0x00000fb6      0xbf4 ./Core/Src/LSM_6DS3.o
 .debug_info    0x00001baa      0x89f ./Core/Src/NEO_6M.o
 .debug_info    0x00002449     0x17e2 ./Core/Src/main.o
 .debug_info    0x00003c2b     0x1373 ./Core/Src/stm32f4xx_hal_msp.o
 .debug_info    0x00004f9e      0xa15 ./Core/Src/stm32f4xx_it.o
 .debug_info    0x000059b3      0x168 ./Core/Src/sysmem.o
 .debug_info    0x00005b1b      0x54a ./Core/Src/system_stm32f4xx.o
 .debug_info    0x00006065       0x30 ./Core/Startup/startup_stm32f446retx.o
 .debug_info    0x00006095      0x99a ./Drivers/STM32F4xx_HAL_Driver/Src/stm32f4xx_hal.o
 .debug_info    0x00006a2f      0xdaa ./Drivers/STM32F4xx_HAL_Driver/Src/stm32f4xx_hal_cortex.o
 .debug_info    0x000077d9      0x8e7 ./Drivers/STM32F4xx_HAL_Driver/Src/stm32f4xx_hal_dma.o
 .debug_info    0x000080c0      0x70b ./Drivers/STM32F4xx_HAL_Driver/Src/stm32f4xx_hal_gpio.o
 .debug_info    0x000087cb     0x2421 ./Drivers/STM32F4xx_HAL_Driver/Src/stm32f4xx_hal_i2c.o
 .debug_info    0x0000abec      0x8ff ./Drivers/STM32F4xx_HAL_Driver/Src/stm32f4xx_hal_rcc.o
 .debug_info    0x0000b4eb      0x960 ./Drivers/STM32F4xx_HAL_Driver/Src/stm32f4xx_hal_rcc_ex.o
 .debug_info    0x0000be4b     0x299d ./Drivers/STM32F4xx_HAL_Driver/Src/stm32f4xx_hal_tim.o
 .debug_info    0x0000e7e8     0x14db ./Drivers/STM32F4xx_HAL_Driver/Src/stm32f4xx_hal_tim_ex.o
 .debug_info    0x0000fcc3     0x2f4f ./Drivers/STM32F4xx_HAL_Driver/Src/stm32f4xx_hal_uart.o

.debug_abbrev   0x00000000     0x2996
 .debug_abbrev  0x00000000      0x1b5 ./Core/Src/ESP32.o
 .debug_abbrev  0x000001b5      0x1f0 ./Core/Src/HC_SR04.o
 .debug_abbrev  0x000003a5      0x242 ./Core/Src/LSM_6DS3.o
 .debug_abbrev  0x000005e7      0x1f6 ./Core/Src/NEO_6M.o
 .debug_abbrev  0x000007dd      0x2da ./Core/Src/main.o
 .debug_abbrev  0x00000ab7      0x21d ./Core/Src/stm32f4xx_hal_msp.o
 .debug_abbrev  0x00000cd4      0x1e1 ./Core/Src/stm32f4xx_it.o
 .debug_abbrev  0x00000eb5       0xbc ./Core/Src/sysmem.o
 .debug_abbrev  0x00000f71      0x11a ./Core/Src/system_stm32f4xx.o
 .debug_abbrev  0x0000108b       0x24 ./Core/Startup/startup_stm32f446retx.o
 .debug_abbrev  0x000010af      0x214 ./Drivers/STM32F4xx_HAL_Driver/Src/stm32f4xx_hal.o
 .debug_abbrev  0x000012c3      0x31d ./Drivers/STM32F4xx_HAL_Driver/Src/stm32f4xx_hal_cortex.o
 .debug_abbrev  0x000015e0      0x264 ./Drivers/STM32F4xx_HAL_Driver/Src/stm32f4xx_hal_dma.o
 .debug_abbrev  0x00001844      0x1d4 ./Drivers/STM32F4xx_HAL_Driver/Src/stm32f4xx_hal_gpio.o
 .debug_abbrev  0x00001a18      0x2ad ./Drivers/STM32F4xx_HAL_Driver/Src/stm32f4xx_hal_i2c.o
 .debug_abbrev  0x00001cc5      0x2b7 ./Drivers/STM32F4xx_HAL_Driver/Src/stm32f4xx_hal_rcc.o
 .debug_abbrev  0x00001f7c      0x211 ./Drivers/STM32F4xx_HAL_Driver/Src/stm32f4xx_hal_rcc_ex.o
 .debug_abbrev  0x0000218d      0x278 ./Drivers/STM32F4xx_HAL_Driver/Src/stm32f4xx_hal_tim.o
 .debug_abbrev  0x00002405      0x283 ./Drivers/STM32F4xx_HAL_Driver/Src/stm32f4xx_hal_tim_ex.o
 .debug_abbrev  0x00002688      0x30e ./Drivers/STM32F4xx_HAL_Driver/Src/stm32f4xx_hal_uart.o

.debug_aranges  0x00000000     0x10b0
 .debug_aranges
                0x00000000       0x30 ./Core/Src/ESP32.o
 .debug_aranges
                0x00000030       0x48 ./Core/Src/HC_SR04.o
 .debug_aranges
                0x00000078       0x50 ./Core/Src/LSM_6DS3.o
 .debug_aranges
                0x000000c8       0x48 ./Core/Src/NEO_6M.o
 .debug_aranges
                0x00000110       0x68 ./Core/Src/main.o
 .debug_aranges
                0x00000178       0x50 ./Core/Src/stm32f4xx_hal_msp.o
 .debug_aranges
                0x000001c8       0x88 ./Core/Src/stm32f4xx_it.o
 .debug_aranges
                0x00000250       0x20 ./Core/Src/sysmem.o
 .debug_aranges
                0x00000270       0x28 ./Core/Src/system_stm32f4xx.o
 .debug_aranges
                0x00000298       0x28 ./Core/Startup/startup_stm32f446retx.o
 .debug_aranges
                0x000002c0       0xf0 ./Drivers/STM32F4xx_HAL_Driver/Src/stm32f4xx_hal.o
 .debug_aranges
                0x000003b0      0x130 ./Drivers/STM32F4xx_HAL_Driver/Src/stm32f4xx_hal_cortex.o
 .debug_aranges
                0x000004e0       0x90 ./Drivers/STM32F4xx_HAL_Driver/Src/stm32f4xx_hal_dma.o
 .debug_aranges
                0x00000570       0x58 ./Drivers/STM32F4xx_HAL_Driver/Src/stm32f4xx_hal_gpio.o
 .debug_aranges
                0x000005c8      0x2a8 ./Drivers/STM32F4xx_HAL_Driver/Src/stm32f4xx_hal_i2c.o
 .debug_aranges
                0x00000870       0x88 ./Drivers/STM32F4xx_HAL_Driver/Src/stm32f4xx_hal_rcc.o
 .debug_aranges
                0x000008f8       0x78 ./Drivers/STM32F4xx_HAL_Driver/Src/stm32f4xx_hal_rcc_ex.o
 .debug_aranges
                0x00000970      0x3d0 ./Drivers/STM32F4xx_HAL_Driver/Src/stm32f4xx_hal_tim.o
 .debug_aranges
                0x00000d40      0x168 ./Drivers/STM32F4xx_HAL_Driver/Src/stm32f4xx_hal_tim_ex.o
 .debug_aranges
                0x00000ea8      0x208 ./Drivers/STM32F4xx_HAL_Driver/Src/stm32f4xx_hal_uart.o

.debug_rnglists
                0x00000000      0xd26
 .debug_rnglists
                0x00000000       0x1f ./Core/Src/ESP32.o
 .debug_rnglists
                0x0000001f       0x33 ./Core/Src/HC_SR04.o
 .debug_rnglists
                0x00000052       0x3a ./Core/Src/LSM_6DS3.o
 .debug_rnglists
                0x0000008c       0x32 ./Core/Src/NEO_6M.o
 .debug_rnglists
                0x000000be       0x4d ./Core/Src/main.o
 .debug_rnglists
                0x0000010b       0x3b ./Core/Src/stm32f4xx_hal_msp.o
 .debug_rnglists
                0x00000146       0x61 ./Core/Src/stm32f4xx_it.o
 .debug_rnglists
                0x000001a7       0x13 ./Core/Src/sysmem.o
 .debug_rnglists
                0x000001ba       0x1a ./Core/Src/system_stm32f4xx.o
 .debug_rnglists
                0x000001d4       0x19 ./Core/Startup/startup_stm32f446retx.o
 .debug_rnglists
                0x000001ed       0xaf ./Drivers/STM32F4xx_HAL_Driver/Src/stm32f4xx_hal.o
 .debug_rnglists
                0x0000029c       0xe0 ./Drivers/STM32F4xx_HAL_Driver/Src/stm32f4xx_hal_cortex.o
 .debug_rnglists
                0x0000037c       0x70 ./Drivers/STM32F4xx_HAL_Driver/Src/stm32f4xx_hal_dma.o
 .debug_rnglists
                0x000003ec       0x3f ./Drivers/STM32F4xx_HAL_Driver/Src/stm32f4xx_hal_gpio.o
 .debug_rnglists
                0x0000042b      0x23c ./Drivers/STM32F4xx_HAL_Driver/Src/stm32f4xx_hal_i2c.o
 .debug_rnglists
                0x00000667       0x66 ./Drivers/STM32F4xx_HAL_Driver/Src/stm32f4xx_hal_rcc.o
 .debug_rnglists
                0x000006cd       0x5e ./Drivers/STM32F4xx_HAL_Driver/Src/stm32f4xx_hal_rcc_ex.o
 .debug_rnglists
                0x0000072b      0x31a ./Drivers/STM32F4xx_HAL_Driver/Src/stm32f4xx_hal_tim.o
 .debug_rnglists
                0x00000a45      0x125 ./Drivers/STM32F4xx_HAL_Driver/Src/stm32f4xx_hal_tim_ex.o
 .debug_rnglists
                0x00000b6a      0x1bc ./Drivers/STM32F4xx_HAL_Driver/Src/stm32f4xx_hal_uart.o

.debug_macro    0x00000000    0x233e2
 .debug_macro   0x00000000      0x308 ./Core/Src/ESP32.o
 .debug_macro   0x00000308      0xad8 ./Core/Src/ESP32.o
 .debug_macro   0x00000de0      0x2a1 ./Core/Src/ESP32.o
 .debug_macro   0x00001081       0x2e ./Core/Src/ESP32.o
 .debug_macro   0x000010af       0x28 ./Core/Src/ESP32.o
 .debug_macro   0x000010d7       0x22 ./Core/Src/ESP32.o
 .debug_macro   0x000010f9       0x8e ./Core/Src/ESP32.o
 .debug_macro   0x00001187       0x51 ./Core/Src/ESP32.o
 .debug_macro   0x000011d8      0x103 ./Core/Src/ESP32.o
 .debug_macro   0x000012db       0x6a ./Core/Src/ESP32.o
 .debug_macro   0x00001345      0x1df ./Core/Src/ESP32.o
 .debug_macro   0x00001524       0x1c ./Core/Src/ESP32.o
 .debug_macro   0x00001540       0x22 ./Core/Src/ESP32.o
 .debug_macro   0x00001562       0xfb ./Core/Src/ESP32.o
 .debug_macro   0x0000165d     0x1011 ./Core/Src/ESP32.o
 .debug_macro   0x0000266e      0x11f ./Core/Src/ESP32.o
 .debug_macro   0x0000278d    0x1675e ./Core/Src/ESP32.o
 .debug_macro   0x00018eeb       0x6d ./Core/Src/ESP32.o
 .debug_macro   0x00018f58     0x3693 ./Core/Src/ESP32.o
 .debug_macro   0x0001c5eb      0x190 ./Core/Src/ESP32.o
 .debug_macro   0x0001c77b       0x5c ./Core/Src/ESP32.o
 .debug_macro   0x0001c7d7      0xca5 ./Core/Src/ESP32.o
 .debug_macro   0x0001d47c      0x9e9 ./Core/Src/ESP32.o
 .debug_macro   0x0001de65      0x115 ./Core/Src/ESP32.o
 .debug_macro   0x0001df7a      0x1a0 ./Core/Src/ESP32.o
 .debug_macro   0x0001e11a       0xa5 ./Core/Src/ESP32.o
 .debug_macro   0x0001e1bf      0x16d ./Core/Src/ESP32.o
 .debug_macro   0x0001e32c      0x287 ./Core/Src/ESP32.o
 .debug_macro   0x0001e5b3       0x5f ./Core/Src/ESP32.o
 .debug_macro   0x0001e612      0x236 ./Core/Src/ESP32.o
 .debug_macro   0x0001e848      0x132 ./Core/Src/ESP32.o
 .debug_macro   0x0001e97a      0x29c ./Core/Src/ESP32.o
 .debug_macro   0x0001ec16       0x2e ./Core/Src/ESP32.o
 .debug_macro   0x0001ec44      0x1b5 ./Core/Src/ESP32.o
 .debug_macro   0x0001edf9       0x22 ./Core/Src/ESP32.o
 .debug_macro   0x0001ee1b       0xd6 ./Core/Src/ESP32.o
 .debug_macro   0x0001eef1      0x127 ./Core/Src/ESP32.o
 .debug_macro   0x0001f018       0xe8 ./Core/Src/ESP32.o
 .debug_macro   0x0001f100       0x89 ./Core/Src/ESP32.o
 .debug_macro   0x0001f189      0x8ed ./Core/Src/ESP32.o
 .debug_macro   0x0001fa76       0x53 ./Core/Src/ESP32.o
 .debug_macro   0x0001fac9      0x2aa ./Core/Src/ESP32.o
 .debug_macro   0x0001fd73      0x126 ./Core/Src/ESP32.o
 .debug_macro   0x0001fe99       0x34 ./Core/Src/ESP32.o
 .debug_macro   0x0001fecd       0x61 ./Core/Src/ESP32.o
 .debug_macro   0x0001ff2e       0x2a ./Core/Src/ESP32.o
 .debug_macro   0x0001ff58       0x43 ./Core/Src/ESP32.o
 .debug_macro   0x0001ff9b       0x34 ./Core/Src/ESP32.o
 .debug_macro   0x0001ffcf       0x16 ./Core/Src/ESP32.o
 .debug_macro   0x0001ffe5       0x3c ./Core/Src/ESP32.o
 .debug_macro   0x00020021      0x370 ./Core/Src/ESP32.o
 .debug_macro   0x00020391       0x10 ./Core/Src/ESP32.o
 .debug_macro   0x000203a1       0x16 ./Core/Src/ESP32.o
 .debug_macro   0x000203b7       0x4a ./Core/Src/ESP32.o
 .debug_macro   0x00020401       0x34 ./Core/Src/ESP32.o
 .debug_macro   0x00020435       0x10 ./Core/Src/ESP32.o
 .debug_macro   0x00020445       0x58 ./Core/Src/ESP32.o
 .debug_macro   0x0002049d       0x8e ./Core/Src/ESP32.o
 .debug_macro   0x0002052b       0x1c ./Core/Src/ESP32.o
 .debug_macro   0x00020547      0x185 ./Core/Src/ESP32.o
 .debug_macro   0x000206cc       0x16 ./Core/Src/ESP32.o
 .debug_macro   0x000206e2       0x16 ./Core/Src/ESP32.o
 .debug_macro   0x000206f8      0x146 ./Core/Src/ESP32.o
 .debug_macro   0x0002083e       0x16 ./Core/Src/ESP32.o
 .debug_macro   0x00020854       0x20 ./Core/Src/ESP32.o
 .debug_macro   0x00020874      0x200 ./Core/Src/HC_SR04.o
 .debug_macro   0x00020a74      0x32d ./Core/Src/LSM_6DS3.o
 .debug_macro   0x00020da1      0x19b ./Core/Src/LSM_6DS3.o
 .debug_macro   0x00020f3c       0x1c ./Core/Src/LSM_6DS3.o
 .debug_macro   0x00020f58       0x1c ./Core/Src/LSM_6DS3.o
 .debug_macro   0x00020f74      0x344 ./Core/Src/NEO_6M.o
 .debug_macro   0x000212b8       0x22 ./Core/Src/NEO_6M.o
 .debug_macro   0x000212da       0x10 ./Core/Src/NEO_6M.o
 .debug_macro   0x000212ea       0x10 ./Core/Src/NEO_6M.o
 .debug_macro   0x000212fa       0x16 ./Core/Src/NEO_6M.o
 .debug_macro   0x00021310       0x16 ./Core/Src/NEO_6M.o
 .debug_macro   0x00021326       0x29 ./Core/Src/NEO_6M.o
 .debug_macro   0x0002134f      0x35c ./Core/Src/main.o
 .debug_macro   0x000216ab      0x1f6 ./Core/Src/stm32f4xx_hal_msp.o
 .debug_macro   0x000218a1      0x226 ./Core/Src/stm32f4xx_it.o
 .debug_macro   0x00021ac7      0x112 ./Core/Src/sysmem.o
 .debug_macro   0x00021bd9      0x23c ./Core/Src/sysmem.o
 .debug_macro   0x00021e15      0x1e7 ./Core/Src/system_stm32f4xx.o
 .debug_macro   0x00021ffc      0x247 ./Drivers/STM32F4xx_HAL_Driver/Src/stm32f4xx_hal.o
 .debug_macro   0x00022243      0x1e7 ./Drivers/STM32F4xx_HAL_Driver/Src/stm32f4xx_hal_cortex.o
 .debug_macro   0x0002242a      0x1ed ./Drivers/STM32F4xx_HAL_Driver/Src/stm32f4xx_hal_dma.o
 .debug_macro   0x00022617      0x1ed ./Drivers/STM32F4xx_HAL_Driver/Src/stm32f4xx_hal_gpio.o
 .debug_macro   0x00022804      0x235 ./Drivers/STM32F4xx_HAL_Driver/Src/stm32f4xx_hal_i2c.o
 .debug_macro   0x00022a39      0x20b ./Drivers/STM32F4xx_HAL_Driver/Src/stm32f4xx_hal_rcc.o
 .debug_macro   0x00022c44      0x1e7 ./Drivers/STM32F4xx_HAL_Driver/Src/stm32f4xx_hal_rcc_ex.o
 .debug_macro   0x00022e2b      0x1e8 ./Drivers/STM32F4xx_HAL_Driver/Src/stm32f4xx_hal_tim.o
 .debug_macro   0x00023013      0x1e7 ./Drivers/STM32F4xx_HAL_Driver/Src/stm32f4xx_hal_tim_ex.o
 .debug_macro   0x000231fa      0x1e8 ./Drivers/STM32F4xx_HAL_Driver/Src/stm32f4xx_hal_uart.o

.debug_line     0x00000000    0x14ea3
 .debug_line    0x00000000      0x870 ./Core/Src/ESP32.o
 .debug_line    0x00000870      0x7b8 ./Core/Src/HC_SR04.o
 .debug_line    0x00001028      0x9ac ./Core/Src/LSM_6DS3.o
 .debug_line    0x000019d4      0x9d1 ./Core/Src/NEO_6M.o
 .debug_line    0x000023a5      0xc31 ./Core/Src/main.o
 .debug_line    0x00002fd6      0x829 ./Core/Src/stm32f4xx_hal_msp.o
 .debug_line    0x000037ff      0x80d ./Core/Src/stm32f4xx_it.o
 .debug_line    0x0000400c      0x4c2 ./Core/Src/sysmem.o
 .debug_line    0x000044ce      0x736 ./Core/Src/system_stm32f4xx.o
 .debug_line    0x00004c04       0x7a ./Core/Startup/startup_stm32f446retx.o
 .debug_line    0x00004c7e      0x9b2 ./Drivers/STM32F4xx_HAL_Driver/Src/stm32f4xx_hal.o
 .debug_line    0x00005630      0xc82 ./Drivers/STM32F4xx_HAL_Driver/Src/stm32f4xx_hal_cortex.o
 .debug_line    0x000062b2      0xf1e ./Drivers/STM32F4xx_HAL_Driver/Src/stm32f4xx_hal_dma.o
 .debug_line    0x000071d0      0xaf6 ./Drivers/STM32F4xx_HAL_Driver/Src/stm32f4xx_hal_gpio.o
 .debug_line    0x00007cc6     0x3a5f ./Drivers/STM32F4xx_HAL_Driver/Src/stm32f4xx_hal_i2c.o
 .debug_line    0x0000b725      0xdcd ./Drivers/STM32F4xx_HAL_Driver/Src/stm32f4xx_hal_rcc.o
 .debug_line    0x0000c4f2     0x147e ./Drivers/STM32F4xx_HAL_Driver/Src/stm32f4xx_hal_rcc_ex.o
 .debug_line    0x0000d970     0x3727 ./Drivers/STM32F4xx_HAL_Driver/Src/stm32f4xx_hal_tim.o
 .debug_line    0x00011097     0x1912 ./Drivers/STM32F4xx_HAL_Driver/Src/stm32f4xx_hal_tim_ex.o
 .debug_line    0x000129a9     0x24fa ./Drivers/STM32F4xx_HAL_Driver/Src/stm32f4xx_hal_uart.o

.debug_str      0x00000000    0xd4725
 .debug_str     0x00000000    0xd4725 ./Core/Src/ESP32.o
                              0xceec5 (size before relaxing)
 .debug_str     0x000d4725        0x0 ./Core/Src/HC_SR04.o
                              0xcb810 (size before relaxing)
 .debug_str     0x000d4725        0x0 ./Core/Src/LSM_6DS3.o
                              0xcfa37 (size before relaxing)
 .debug_str     0x000d4725        0x0 ./Core/Src/NEO_6M.o
                              0xcf10f (size before relaxing)
 .debug_str     0x000d4725        0x0 ./Core/Src/main.o
                              0xcfcd8 (size before relaxing)
 .debug_str     0x000d4725        0x0 ./Core/Src/stm32f4xx_hal_msp.o
                              0xcc2f4 (size before relaxing)
 .debug_str     0x000d4725        0x0 ./Core/Src/stm32f4xx_it.o
                              0xcbacc (size before relaxing)
 .debug_str     0x000d4725        0x0 ./Core/Src/sysmem.o
                               0x7790 (size before relaxing)
 .debug_str     0x000d4725        0x0 ./Core/Src/system_stm32f4xx.o
                              0xcb2aa (size before relaxing)
 .debug_str     0x000d4725        0x0 ./Core/Startup/startup_stm32f446retx.o
                                 0x92 (size before relaxing)
 .debug_str     0x000d4725        0x0 ./Drivers/STM32F4xx_HAL_Driver/Src/stm32f4xx_hal.o
                              0xcbe6f (size before relaxing)
 .debug_str     0x000d4725        0x0 ./Drivers/STM32F4xx_HAL_Driver/Src/stm32f4xx_hal_cortex.o
                              0xcbbc6 (size before relaxing)
 .debug_str     0x000d4725        0x0 ./Drivers/STM32F4xx_HAL_Driver/Src/stm32f4xx_hal_dma.o
                              0xcb69f (size before relaxing)
 .debug_str     0x000d4725        0x0 ./Drivers/STM32F4xx_HAL_Driver/Src/stm32f4xx_hal_gpio.o
                              0xcb425 (size before relaxing)
 .debug_str     0x000d4725        0x0 ./Drivers/STM32F4xx_HAL_Driver/Src/stm32f4xx_hal_i2c.o
                              0xcc2a8 (size before relaxing)
 .debug_str     0x000d4725        0x0 ./Drivers/STM32F4xx_HAL_Driver/Src/stm32f4xx_hal_rcc.o
                              0xcb6e3 (size before relaxing)
 .debug_str     0x000d4725        0x0 ./Drivers/STM32F4xx_HAL_Driver/Src/stm32f4xx_hal_rcc_ex.o
                              0xcb716 (size before relaxing)
 .debug_str     0x000d4725        0x0 ./Drivers/STM32F4xx_HAL_Driver/Src/stm32f4xx_hal_tim.o
                              0xcc60f (size before relaxing)
 .debug_str     0x000d4725        0x0 ./Drivers/STM32F4xx_HAL_Driver/Src/stm32f4xx_hal_tim_ex.o
                              0xcbe1b (size before relaxing)
 .debug_str     0x000d4725        0x0 ./Drivers/STM32F4xx_HAL_Driver/Src/stm32f4xx_hal_uart.o
                              0xcbc9a (size before relaxing)

.comment        0x00000000       0x43
 .comment       0x00000000       0x43 ./Core/Src/ESP32.o
                                 0x44 (size before relaxing)
 .comment       0x00000043        0x0 ./Core/Src/HC_SR04.o
                                 0x44 (size before relaxing)
 .comment       0x00000043        0x0 ./Core/Src/LSM_6DS3.o
                                 0x44 (size before relaxing)
 .comment       0x00000043        0x0 ./Core/Src/NEO_6M.o
                                 0x44 (size before relaxing)
 .comment       0x00000043        0x0 ./Core/Src/main.o
                                 0x44 (size before relaxing)
 .comment       0x00000043        0x0 ./Core/Src/stm32f4xx_hal_msp.o
                                 0x44 (size before relaxing)
 .comment       0x00000043        0x0 ./Core/Src/stm32f4xx_it.o
                                 0x44 (size before relaxing)
 .comment       0x00000043        0x0 ./Core/Src/sysmem.o
                                 0x44 (size before relaxing)
 .comment       0x00000043        0x0 ./Core/Src/system_stm32f4xx.o
                                 0x44 (size before relaxing)
 .comment       0x00000043        0x0 ./Drivers/STM32F4xx_HAL_Driver/Src/stm32f4xx_hal.o
                                 0x44 (size before relaxing)
 .comment       0x00000043        0x0 ./Drivers/STM32F4xx_HAL_Driver/Src/stm32f4xx_hal_cortex.o
                                 0x44 (size before relaxing)
 .comment       0x00000043        0x0 ./Drivers/STM32F4xx_HAL_Driver/Src/stm32f4xx_hal_dma.o
                                 0x44 (size before relaxing)
 .comment       0x00000043        0x0 ./Drivers/STM32F4xx_HAL_Driver/Src/stm32f4xx_hal_gpio.o
                                 0x44 (size before relaxing)
 .comment       0x00000043        0x0 ./Drivers/STM32F4xx_HAL_Driver/Src/stm32f4xx_hal_i2c.o
                                 0x44 (size before relaxing)
 .comment       0x00000043        0x0 ./Drivers/STM32F4xx_HAL_Driver/Src/stm32f4xx_hal_rcc.o
                                 0x44 (size before relaxing)
 .comment       0x00000043        0x0 ./Drivers/STM32F4xx_HAL_Driver/Src/stm32f4xx_hal_rcc_ex.o
                                 0x44 (size before relaxing)
 .comment       0x00000043        0x0 ./Drivers/STM32F4xx_HAL_Driver/Src/stm32f4xx_hal_tim.o
                                 0x44 (size before relaxing)
 .comment       0x00000043        0x0 ./Drivers/STM32F4xx_HAL_Driver/Src/stm32f4xx_hal_tim_ex.o
                                 0x44 (size before relaxing)
 .comment       0x00000043        0x0 ./Drivers/STM32F4xx_HAL_Driver/Src/stm32f4xx_hal_uart.o
                                 0x44 (size before relaxing)

.debug_frame    0x00000000     0x4cd8
 .debug_frame   0x00000000       0x88 ./Core/Src/ESP32.o
 .debug_frame   0x00000088       0xd8 ./Core/Src/HC_SR04.o
 .debug_frame   0x00000160      0x10c ./Core/Src/LSM_6DS3.o
 .debug_frame   0x0000026c       0xe0 ./Core/Src/NEO_6M.o
 .debug_frame   0x0000034c      0x148 ./Core/Src/main.o
 .debug_frame   0x00000494      0x10c ./Core/Src/stm32f4xx_hal_msp.o
 .debug_frame   0x000005a0      0x1a0 ./Core/Src/stm32f4xx_it.o
 .debug_frame   0x00000740       0x34 ./Core/Src/sysmem.o
 .debug_frame   0x00000774       0x58 ./Core/Src/system_stm32f4xx.o
 .debug_frame   0x000007cc      0x374 ./Drivers/STM32F4xx_HAL_Driver/Src/stm32f4xx_hal.o
 .debug_frame   0x00000b40      0x508 ./Drivers/STM32F4xx_HAL_Driver/Src/stm32f4xx_hal_cortex.o
 .debug_frame   0x00001048      0x250 ./Drivers/STM32F4xx_HAL_Driver/Src/stm32f4xx_hal_dma.o
 .debug_frame   0x00001298      0x14c ./Drivers/STM32F4xx_HAL_Driver/Src/stm32f4xx_hal_gpio.o
 .debug_frame   0x000013e4      0xc84 ./Drivers/STM32F4xx_HAL_Driver/Src/stm32f4xx_hal_i2c.o
 .debug_frame   0x00002068      0x1f4 ./Drivers/STM32F4xx_HAL_Driver/Src/stm32f4xx_hal_rcc.o
 .debug_frame   0x0000225c      0x1e8 ./Drivers/STM32F4xx_HAL_Driver/Src/stm32f4xx_hal_rcc_ex.o
 .debug_frame   0x00002444     0x11c0 ./Drivers/STM32F4xx_HAL_Driver/Src/stm32f4xx_hal_tim.o
 .debug_frame   0x00003604      0x638 ./Drivers/STM32F4xx_HAL_Driver/Src/stm32f4xx_hal_tim_ex.o
 .debug_frame   0x00003c3c      0x954 ./Drivers/STM32F4xx_HAL_Driver/Src/stm32f4xx_hal_uart.o
 .debug_frame   0x00004590       0x30 /opt/st/stm32cubeide_2.0.0/plugins/com.st.stm32cube.ide.mcu.externaltools.gnu-tools-for-stm32.13.3.rel1.linux64_1.0.100.202509120712/tools/bin/../lib/gcc/arm-none-eabi/13.3.1/../../../../arm-none-eabi/lib/thumb/v7e-m+fp/hard/libc_nano.a(libc_a-atoi.o)